Component: ARM Compiler 5.06 update 3 (build 300) Tool: armlink [4d35c9]

==============================================================================

Section Cross References

    main.o(.text) refers to dfltui.o(.text) for __aeabi_ui2d
    main.o(.text) refers to dmul.o(.text) for __aeabi_dmul
    main.o(.text) refers to dfixui.o(.text) for __aeabi_d2uiz
    main.o(.text) refers to misc.o(.text) for NVIC_PriorityGroupConfig
    main.o(.text) refers to delay.o(.text) for delay_init
    main.o(.text) refers to usart.o(.text) for uart_init
    main.o(.text) refers to led.o(.text) for LED_Init
    main.o(.text) refers to lcd.o(.text) for LCD_Init
    main.o(.text) refers to pwm.o(.text) for TIM14_PWM_Init
    main.o(.text) refers to stm32f4xx_tim.o(.text) for TIM_SetCompare1
    main.o(.text) refers to timer.o(.text) for TIM5_CH1_Cap_Init
    main.o(.text) refers to ddiv.o(.text) for __aeabi_ddiv
    main.o(.text) refers to log.o(i.__hardfp_log) for __hardfp_log
    main.o(.text) refers to dadd.o(.text) for __aeabi_drsub
    main.o(.text) refers to dfixi.o(.text) for __aeabi_d2iz
    main.o(.text) refers to main.o(.data) for min
    main.o(.text) refers to system_stm32f4xx.o(.data) for SystemCoreClock
    main.o(.text) refers to timer.o(.data) for capture
    main.o(.text) refers to main.o(.bss) for ired_data
    main.o(.text) refers to lcd.o(.data) for POINT_COLOR
    system_stm32f4xx.o(.text) refers to system_stm32f4xx.o(.data) for SystemCoreClock
    led.o(.text) refers to stm32f4xx_rcc.o(.text) for RCC_AHB1PeriphClockCmd
    led.o(.text) refers to stm32f4xx_gpio.o(.text) for GPIO_Init
    lcd.o(.text) refers to delay.o(.text) for delay_us
    lcd.o(.text) refers to lcd.o(.bss) for lcddev
    lcd.o(.text) refers to lcd.o(.data) for POINT_COLOR
    lcd.o(.text) refers to dfltui.o(.text) for __aeabi_ui2d
    lcd.o(.text) refers to dmul.o(.text) for __aeabi_dmul
    lcd.o(.text) refers to dfixui.o(.text) for __aeabi_d2uiz
    lcd.o(.text) refers to stm32f4xx_rcc.o(.text) for RCC_AHB1PeriphClockCmd
    lcd.o(.text) refers to stm32f4xx_gpio.o(.text) for GPIO_Init
    lcd.o(.text) refers to stm32f4xx_fsmc.o(.text) for FSMC_NORSRAMInit
    lcd.o(.text) refers to printf5.o(i.__0printf$5) for __2printf
    lcd.o(.text) refers to lcd.o(.constdata) for asc2_1206
    pwm.o(.text) refers to stm32f4xx_rcc.o(.text) for RCC_APB1PeriphClockCmd
    pwm.o(.text) refers to stm32f4xx_gpio.o(.text) for GPIO_PinAFConfig
    pwm.o(.text) refers to stm32f4xx_tim.o(.text) for TIM_TimeBaseInit
    timer.o(.text) refers to stm32f4xx_rcc.o(.text) for RCC_APB1PeriphClockCmd
    timer.o(.text) refers to stm32f4xx_gpio.o(.text) for GPIO_Init
    timer.o(.text) refers to stm32f4xx_tim.o(.text) for TIM_TimeBaseInit
    timer.o(.text) refers to misc.o(.text) for NVIC_Init
    timer.o(.text) refers to timer.o(.bss) for TIM5_ICInitStructure
    timer.o(.text) refers to timer.o(.data) for i
    delay.o(.text) refers to misc.o(.text) for SysTick_CLKSourceConfig
    delay.o(.text) refers to delay.o(.data) for fac_us
    usart.o(.text) refers to stm32f4xx_rcc.o(.text) for RCC_AHB1PeriphClockCmd
    usart.o(.text) refers to stm32f4xx_gpio.o(.text) for GPIO_PinAFConfig
    usart.o(.text) refers to stm32f4xx_usart.o(.text) for USART_Init
    usart.o(.text) refers to misc.o(.text) for NVIC_Init
    usart.o(.text) refers to usart.o(.data) for USART_RX_STA
    usart.o(.text) refers to usart.o(.bss) for USART_RX_BUF
    startup_stm32f40_41xxx.o(RESET) refers to startup_stm32f40_41xxx.o(STACK) for __initial_sp
    startup_stm32f40_41xxx.o(RESET) refers to startup_stm32f40_41xxx.o(.text) for Reset_Handler
    startup_stm32f40_41xxx.o(RESET) refers to stm32f4xx_it.o(.text) for NMI_Handler
    startup_stm32f40_41xxx.o(RESET) refers to usart.o(.text) for USART1_IRQHandler
    startup_stm32f40_41xxx.o(RESET) refers to timer.o(.text) for TIM5_IRQHandler
    startup_stm32f40_41xxx.o(.text) refers to system_stm32f4xx.o(.text) for SystemInit
    startup_stm32f40_41xxx.o(.text) refers to entry.o(.ARM.Collect$$$$00000000) for __main
    stm32f4xx_gpio.o(.text) refers to stm32f4xx_rcc.o(.text) for RCC_AHB1PeriphResetCmd
    stm32f4xx_fsmc.o(.text) refers to stm32f4xx_fsmc.o(.constdata) for FSMC_DefaultTimingStruct
    stm32f4xx_rcc.o(.text) refers to stm32f4xx_rcc.o(.data) for APBAHBPrescTable
    stm32f4xx_syscfg.o(.text) refers to stm32f4xx_rcc.o(.text) for RCC_APB2PeriphResetCmd
    stm32f4xx_usart.o(.text) refers to stm32f4xx_rcc.o(.text) for RCC_APB2PeriphResetCmd
    stm32f4xx_tim.o(.text) refers to stm32f4xx_rcc.o(.text) for RCC_APB2PeriphResetCmd
    log.o(i.__hardfp_log) refers (Special) to iusefp.o(.text) for __I$use$fp
    log.o(i.__hardfp_log) refers to dunder.o(i.__mathlib_dbl_infnan) for __mathlib_dbl_infnan
    log.o(i.__hardfp_log) refers to errno.o(i.__set_errno) for __set_errno
    log.o(i.__hardfp_log) refers to dunder.o(i.__mathlib_dbl_invalid) for __mathlib_dbl_invalid
[...]
    printf4.o(i.__0snprintf$4) refers to printf4.o(i._snputc) for _snputc
    printf4.o(i.__0sprintf$4) refers to printf4.o(i._printf_core) for _printf_core
    printf4.o(i.__0sprintf$4) refers to printf4.o(i._sputc) for _sputc
    printf4.o(i.__0vfprintf$4) refers to printf4.o(i._printf_core) for _printf_core
    printf4.o(i.__0vfprintf$4) refers to usart.o(.text) for fputc
    printf4.o(i.__0vprintf$4) refers to printf4.o(i._printf_core) for _printf_core
    printf4.o(i.__0vprintf$4) refers to usart.o(.text) for fputc
    printf4.o(i.__0vprintf$4) refers to usart.o(.data) for __stdout
    printf4.o(i.__0vsnprintf$4) refers to printf4.o(i._printf_core) for _printf_core
    printf4.o(i.__0vsnprintf$4) refers to printf4.o(i._snputc) for _snputc
    printf4.o(i.__0vsprintf$4) refers to printf4.o(i._printf_core) for _printf_core
    printf4.o(i.__0vsprintf$4) refers to printf4.o(i._sputc) for _sputc
    printf4.o(i._printf_core) refers to uldiv.o(.text) for __aeabi_uldivmod
    printf5.o(i.__0fprintf$5) refers to printf5.o(i._printf_core) for _printf_core
    printf5.o(i.__0fprintf$5) refers to usart.o(.text) for fputc
    printf5.o(i.__0printf$5) refers to printf5.o(i._printf_core) for _printf_core
    printf5.o(i.__0printf$5) refers to usart.o(.text) for fputc
    printf5.o(i.__0printf$5) refers to usart.o(.data) for __stdout
    printf5.o(i.__0snprintf$5) refers to printf5.o(i._printf_core) for _printf_core
    printf5.o(i.__0snprintf$5) refers to printf5.o(i._snputc) for _snputc
    printf5.o(i.__0sprintf$5) refers to printf5.o(i._printf_core) for _printf_core
    printf5.o(i.__0sprintf$5) refers to printf5.o(i._sputc) for _sputc
    printf5.o(i.__0vfprintf$5) refers to printf5.o(i._printf_core) for _printf_core
    printf5.o(i.__0vfprintf$5) refers to usart.o(.text) for fputc
    printf5.o(i.__0vprintf$5) refers to printf5.o(i._printf_core) for _printf_core
    printf5.o(i.__0vprintf$5) refers to usart.o(.text) for fputc
    printf5.o(i.__0vprintf$5) refers to usart.o(.data) for __stdout
    printf5.o(i.__0vsnprintf$5) refers to printf5.o(i._printf_core) for _printf_core
    printf5.o(i.__0vsnprintf$5) refers to printf5.o(i._snputc) for _snputc
    printf5.o(i.__0vsprintf$5) refers to printf5.o(i._printf_core) for _printf_core
    printf5.o(i.__0vsprintf$5) refers to printf5.o(i._sputc) for _sputc
    printf5.o(i._printf_core) refers to uldiv.o(.text) for __aeabi_uldivmod
    printf6.o(i.__0fprintf$6) refers to printf6.o(i._printf_core) for _printf_core
    printf6.o(i.__0fprintf$6) refers to usart.o(.text) for fputc
    printf6.o(i.__0printf$6) refers to printf6.o(i._printf_core) for _printf_core
    printf6.o(i.__0printf$6) refers to usart.o(.text) for fputc
    printf6.o(i.__0printf$6) refers to usart.o(.data) for __stdout
    printf6.o(i.__0snprintf$6) refers to printf6.o(i._printf_core) for _printf_core
    printf6.o(i.__0snprintf$6) refers to printf6.o(i._snputc) for _snputc
    printf6.o(i.__0sprintf$6) refers to printf6.o(i._printf_core) for _printf_core
    printf6.o(i.__0sprintf$6) refers to printf6.o(i._sputc) for _sputc
    printf6.o(i.__0vfprintf$6) refers to printf6.o(i._printf_core) for _printf_core
    printf6.o(i.__0vfprintf$6) refers to usart.o(.text) for fputc
    printf6.o(i.__0vprintf$6) refers to printf6.o(i._printf_core) for _printf_core
    printf6.o(i.__0vprintf$6) refers to usart.o(.text) for fputc
    printf6.o(i.__0vprintf$6) refers to usart.o(.data) for __stdout
    printf6.o(i.__0vsnprintf$6) refers to printf6.o(i._printf_core) for _printf_core
    printf6.o(i.__0vsnprintf$6) refers to printf6.o(i._snputc) for _snputc
    printf6.o(i.__0vsprintf$6) refers to printf6.o(i._printf_core) for _printf_core
    printf6.o(i.__0vsprintf$6) refers to printf6.o(i._sputc) for _sputc
    printf6.o(i._printf_core) refers to printf6.o(i._printf_pre_padding) for _printf_pre_padding
    printf6.o(i._printf_core) refers to uidiv.o(.text) for __aeabi_uidivmod
    printf6.o(i._printf_core) refers to printf6.o(i._printf_post_padding) for _printf_post_padding
    printf7.o(i.__0fprintf$7) refers to printf7.o(i._printf_core) for _printf_core
    printf7.o(i.__0fprintf$7) refers to usart.o(.text) for fputc
    printf7.o(i.__0printf$7) refers to printf7.o(i._printf_core) for _printf_core
    printf7.o(i.__0printf$7) refers to usart.o(.text) for fputc
    printf7.o(i.__0printf$7) refers to usart.o(.data) for __stdout
    printf7.o(i.__0snprintf$7) refers to printf7.o(i._printf_core) for _printf_core
    printf7.o(i.__0snprintf$7) refers to printf7.o(i._snputc) for _snputc
    printf7.o(i.__0sprintf$7) refers to printf7.o(i._printf_core) for _printf_core
    printf7.o(i.__0sprintf$7) refers to printf7.o(i._sputc) for _sputc
    printf7.o(i.__0vfprintf$7) refers to printf7.o(i._printf_core) for _printf_core
    printf7.o(i.__0vfprintf$7) refers to usart.o(.text) for fputc
    printf7.o(i.__0vprintf$7) refers to printf7.o(i._printf_core) for _printf_core
    printf7.o(i.__0vprintf$7) refers to usart.o(.text) for fputc
    printf7.o(i.__0vprintf$7) refers to usart.o(.data) for __stdout
    printf7.o(i.__0vsnprintf$7) refers to printf7.o(i._printf_core) for _printf_core
    printf7.o(i.__0vsnprintf$7) refers to printf7.o(i._snputc) for _snputc
    printf7.o(i.__0vsprintf$7) refers to printf7.o(i._printf_core) for _printf_core
    printf7.o(i.__0vsprintf$7) refers to printf7.o(i._sputc) for _sputc
    printf7.o(i._printf_core) refers to printf7.o(i._printf_pre_padding) for _printf_pre_padding
    printf7.o(i._printf_core) refers to uldiv.o(.text) for __aeabi_uldivmod
    printf7.o(i._printf_core) refers to printf7.o(i._printf_post_padding) for _printf_post_padding
    printf8.o(i.__0fprintf$8) refers to printf8.o(i._printf_core) for _printf_core
    printf8.o(i.__0fprintf$8) refers to usart.o(.text) for fputc
    printf8.o(i.__0printf$8) refers to printf8.o(i._printf_core) for _printf_core
    printf8.o(i.__0printf$8) refers to usart.o(.text) for fputc
    printf8.o(i.__0printf$8) refers to usart.o(.data) for __stdout
    printf8.o(i.__0snprintf$8) refers to printf8.o(i._printf_core) for _printf_core
    printf8.o(i.__0snprintf$8) refers to printf8.o(i._snputc) for _snputc
    printf8.o(i.__0sprintf$8) refers to printf8.o(i._printf_core) for _printf_core
    printf8.o(i.__0sprintf$8) refers to printf8.o(i._sputc) for _sputc
    printf8.o(i.__0vfprintf$8) refers to printf8.o(i._printf_core) for _printf_core
    printf8.o(i.__0vfprintf$8) refers to usart.o(.text) for fputc
    printf8.o(i.__0vprintf$8) refers to printf8.o(i._printf_core) for _printf_core
    printf8.o(i.__0vprintf$8) refers to usart.o(.text) for fputc
    printf8.o(i.__0vprintf$8) refers to usart.o(.data) for __stdout
    printf8.o(i.__0vsnprintf$8) refers to printf8.o(i._printf_core) for _printf_core
    printf8.o(i.__0vsnprintf$8) refers to printf8.o(i._snputc) for _snputc
    printf8.o(i.__0vsprintf$8) refers to printf8.o(i._printf_core) for _printf_core
    printf8.o(i.__0vsprintf$8) refers to printf8.o(i._sputc) for _sputc
    printf8.o(i._printf_core) refers to printf8.o(i._printf_pre_padding) for _printf_pre_padding
    printf8.o(i._printf_core) refers to uldiv.o(.text) for __aeabi_uldivmod
    printf8.o(i._printf_core) refers to printf8.o(i._printf_post_padding) for _printf_post_padding
    printfa.o(i.__0fprintf) refers (Special) to iusefp.o(.text) for __I$use$fp
    printfa.o(i.__0fprintf) refers to printfa.o(i._printf_core) for _printf_core
    printfa.o(i.__0fprintf) refers to usart.o(.text) for fputc
    printfa.o(i.__0printf) refers (Special) to iusefp.o(.text) for __I$use$fp
    printfa.o(i.__0printf) refers to printfa.o(i._printf_core) for _printf_core
    printfa.o(i.__0printf) refers to usart.o(.text) for fputc
    printfa.o(i.__0printf) refers to usart.o(.data) for __stdout
    printfa.o(i.__0snprintf) refers (Special) to iusefp.o(.text) for __I$use$fp
    printfa.o(i.__0snprintf) refers to printfa.o(i._printf_core) for _printf_core
    printfa.o(i.__0snprintf) refers to printfa.o(i._snputc) for _snputc
    printfa.o(i.__0sprintf) refers (Special) to iusefp.o(.text) for __I$use$fp
    printfa.o(i.__0sprintf) refers to printfa.o(i._printf_core) for _printf_core
    printfa.o(i.__0sprintf) refers to printfa.o(i._sputc) for _sputc
    printfa.o(i.__0vfprintf) refers (Special) to iusefp.o(.text) for __I$use$fp
    printfa.o(i.__0vfprintf) refers to printfa.o(i._printf_core) for _printf_core
    printfa.o(i.__0vfprintf) refers to usart.o(.text) for fputc
    printfa.o(i.__0vprintf) refers (Special) to iusefp.o(.text) for __I$use$fp
    printfa.o(i.__0vprintf) refers to printfa.o(i._printf_core) for _printf_core
    printfa.o(i.__0vprintf) refers to usart.o(.text) for fputc
    printfa.o(i.__0vprintf) refers to usart.o(.data) for __stdout
    printfa.o(i.__0vsnprintf) refers (Special) to iusefp.o(.text) for __I$use$fp
    printfa.o(i.__0vsnprintf) refers to printfa.o(i._printf_core) for _printf_core
    printfa.o(i.__0vsnprintf) refers to printfa.o(i._snputc) for _snputc
    printfa.o(i.__0vsprintf) refers (Special) to iusefp.o(.text) for __I$use$fp
    printfa.o(i.__0vsprintf) refers to printfa.o(i._printf_core) for _printf_core
    printfa.o(i.__0vsprintf) refers to printfa.o(i._sputc) for _sputc
    printfa.o(i._fp_digits) refers (Special) to iusefp.o(.text) for __I$use$fp
    printfa.o(i._fp_digits) refers to dmul.o(.text) for __aeabi_dmul
    printfa.o(i._fp_digits) refers to ddiv.o(.text) for __aeabi_ddiv
    printfa.o(i._fp_digits) refers to cdrcmple.o(.text) for __aeabi_cdrcmple
    printfa.o(i._fp_digits) refers to dadd.o(.text) for __aeabi_dadd
    printfa.o(i._fp_digits) refers to dfixul.o(.text) for __aeabi_d2ulz
    printfa.o(i._fp_digits) refers to uldiv.o(.text) for __aeabi_uldivmod
    printfa.o(i._printf_core) refers (Special) to iusefp.o(.text) for __I$use$fp
    printfa.o(i._printf_core) refers to printfa.o(i._printf_pre_padding) for _printf_pre_padding
    printfa.o(i._printf_core) refers to uldiv.o(.text) for __aeabi_uldivmod
    printfa.o(i._printf_core) refers to printfa.o(i._printf_post_padding) for _printf_post_padding
    printfa.o(i._printf_core) refers to printfa.o(i._fp_digits) for _fp_digits
    printfa.o(i._printf_core) refers to uidiv.o(.text) for __aeabi_uidivmod
    printfa.o(i._printf_post_padding) refers (Special) to iusefp.o(.text) for __I$use$fp
    printfa.o(i._printf_pre_padding) refers (Special) to iusefp.o(.text) for __I$use$fp
    printfa.o(i._snputc) refers (Special) to iusefp.o(.text) for __I$use$fp
    printfa.o(i._sputc) refers (Special) to iusefp.o(.text) for __I$use$fp
    dadd.o(.text) refers (Special) to iusefp.o(.text) for __I$use$fp
    dadd.o(.text) refers to llshl.o(.text) for __aeabi_llsl
    dadd.o(.text) refers to llsshr.o(.text) for __aeabi_lasr
    dadd.o(.text) refers to depilogue.o(.text) for _double_epilogue
    dmul.o(.text) refers (Special) to iusefp.o(.text) for __I$use$fp
    dmul.o(.text) refers to depilogue.o(.text) for _double_epilogue
    ddiv.o(.text) refers (Special) to iusefp.o(.text) for __I$use$fp
    ddiv.o(.text) refers to depilogue.o(.text) for _double_round
    dfltui.o(.text) refers (Special) to iusefp.o(.text) for __I$use$fp
    dfltui.o(.text) refers to depilogue.o(.text) for _double_epilogue
    dfixi.o(.text) refers (Special) to iusefp.o(.text) for __I$use$fp
    dfixi.o(.text) refers to llushr.o(.text) for __aeabi_llsr
    dfixui.o(.text) refers (Special) to iusefp.o(.text) for __I$use$fp
    dfixui.o(.text) refers to llushr.o(.text) for __aeabi_llsr
    dunder.o(i.__mathlib_dbl_divzero) refers to ddiv.o(.text) for __aeabi_ddiv
    dunder.o(i.__mathlib_dbl_infnan) refers to dadd.o(.text) for __aeabi_dadd
    dunder.o(i.__mathlib_dbl_infnan2) refers to dadd.o(.text) for __aeabi_dadd
    dunder.o(i.__mathlib_dbl_invalid) refers to ddiv.o(.text) for __aeabi_ddiv
    dunder.o(i.__mathlib_dbl_overflow) refers to dmul.o(.text) for __aeabi_dmul
    dunder.o(i.__mathlib_dbl_posinfnan) refers to dmul.o(.text) for __aeabi_dmul
    dunder.o(i.__mathlib_dbl_underflow) refers to dmul.o(.text) for __aeabi_dmul
    poly.o(i.__kernel_poly) refers (Special) to iusefp.o(.text) for __I$use$fp
    poly.o(i.__kernel_poly) refers to dmul.o(.text) for __aeabi_dmul
    poly.o(i.__kernel_poly) refers to dadd.o(.text) for __aeabi_dadd
    qnan.o(.constdata) refers (Special) to iusefp.o(.text) for __I$use$fp
    entry2.o(.ARM.Collect$$$$00000001) refers to entry2.o(.ARM.Collect$$$$00002712) for __lit__00000000
    entry2.o(.ARM.Collect$$$$00002712) refers to startup_stm32f40_41xxx.o(STACK) for __initial_sp
    entry2.o(__vectab_stack_and_reset_area) refers to startup_stm32f40_41xxx.o(STACK) for __initial_sp
    entry2.o(__vectab_stack_and_reset_area) refers to entry.o(.ARM.Collect$$$$00000000) for __main
    entry5.o(.ARM.Collect$$$$00000004) refers to init.o(.text) for __scatterload
    entry9a.o(.ARM.Collect$$$$0000000B) refers to main.o(.text) for main
    entry9b.o(.ARM.Collect$$$$0000000C) refers to main.o(.text) for main
    uldiv.o(.text) refers to llushr.o(.text) for __aeabi_llsr
    uldiv.o(.text) refers to llshl.o(.text) for __aeabi_llsl
    errno.o(i.__aeabi_errno_addr) refers to errno.o(.data) for .data
    errno.o(i.__read_errno) refers to errno.o(.data) for .data
    errno.o(i.__set_errno) refers to errno.o(.data) for .data
    depilogue.o(.text) refers to llshl.o(.text) for __aeabi_llsl
    depilogue.o(.text) refers to llushr.o(.text) for __aeabi_llsr
    dflti.o(.text) refers to depilogue.o(.text) for _double_epilogue
    dfixul.o(.text) refers to llushr.o(.text) for __aeabi_llsr
    dfixul.o(.text) refers to llshl.o(.text) for __aeabi_llsl
    init.o(.text) refers to entry5.o(.ARM.Collect$$$$00000004) for __main_after_scatterload


==============================================================================

Removing Unused input sections from the image.

    Removing main.o(.rev16_text), (4 bytes).
    Removing main.o(.revsh_text), (4 bytes).
    Removing stm32f4xx_it.o(.rev16_text), (4 bytes).
    Removing stm32f4xx_it.o(.revsh_text), (4 bytes).
    Removing system_stm32f4xx.o(.rev16_text), (4 bytes).
    Removing system_stm32f4xx.o(.revsh_text), (4 bytes).
    Removing led.o(.rev16_text), (4 bytes).
    Removing led.o(.revsh_text), (4 bytes).
    Removing lcd.o(.rev16_text), (4 bytes).
    Removing lcd.o(.revsh_text), (4 bytes).
    Removing pwm.o(.rev16_text), (4 bytes).
    Removing pwm.o(.revsh_text), (4 bytes).
    Removing timer.o(.rev16_text), (4 bytes).
    Removing timer.o(.revsh_text), (4 bytes).
    Removing delay.o(.rev16_text), (4 bytes).
    Removing delay.o(.revsh_text), (4 bytes).
    Removing sys.o(.rev16_text), (4 bytes).
    Removing sys.o(.revsh_text), (4 bytes).
    Removing sys.o(.emb_text), (16 bytes).
    Removing usart.o(.rev16_text), (4 bytes).
    Removing usart.o(.revsh_text), (4 bytes).
    Removing startup_stm32f40_41xxx.o(HEAP), (512 bytes).
    Removing misc.o(.rev16_text), (4 bytes).
    Removing misc.o(.revsh_text), (4 bytes).
    Removing stm32f4xx_gpio.o(.rev16_text), (4 bytes).
    Removing stm32f4xx_gpio.o(.revsh_text), (4 bytes).
    Removing stm32f4xx_fsmc.o(.rev16_text), (4 bytes).
    Removing stm32f4xx_fsmc.o(.revsh_text), (4 bytes).
    Removing stm32f4xx_rcc.o(.rev16_text), (4 bytes).
    Removing stm32f4xx_rcc.o(.revsh_text), (4 bytes).
    Removing stm32f4xx_syscfg.o(.rev16_text), (4 bytes).
    Removing stm32f4xx_syscfg.o(.revsh_text), (4 bytes).
    Removing stm32f4xx_syscfg.o(.text), (148 bytes).
    Removing stm32f4xx_usart.o(.rev16_text), (4 bytes).
    Removing stm32f4xx_usart.o(.revsh_text), (4 bytes).
    Removing stm32f4xx_tim.o(.rev16_text), (4 bytes).
    Removing stm32f4xx_tim.o(.revsh_text), (4 bytes).
    Removing dneg.o(.text), (6 bytes).
    Removing dfixul.o(.text), (48 bytes).
    Removing cdrcmple.o(.text), (48 bytes).

40 unused section(s) (total 914 bytes) removed from the image.

==============================================================================

Image Symbol Table

    Local Symbols

    Symbol Name                              Value     Ov Type        Size  Object(Section)

    ../clib/microlib/division.c              0x00000000   Number         0  uidiv.o ABSOLUTE
    ../clib/microlib/division.c              0x00000000   Number         0  uldiv.o ABSOLUTE
    ../clib/microlib/errno.c                 0x00000000   Number         0  errno.o ABSOLUTE
    ../clib/microlib/init/entry.s            0x00000000   Number         0  entry.o ABSOLUTE
    ../clib/microlib/init/entry.s            0x00000000   Number         0  entry8a.o ABSOLUTE
    ../clib/microlib/init/entry.s            0x00000000   Number         0  entry8b.o ABSOLUTE
    ../clib/microlib/init/entry.s            0x00000000   Number         0  entry9a.o ABSOLUTE
    ../clib/microlib/init/entry.s            0x00000000   Number         0  entry9b.o ABSOLUTE
    ../clib/microlib/init/entry.s            0x00000000   Number         0  entry10a.o ABSOLUTE
    ../clib/microlib/init/entry.s            0x00000000   Number         0  entry2.o ABSOLUTE
    ../clib/microlib/init/entry.s            0x00000000   Number         0  entry10b.o ABSOLUTE
    ../clib/microlib/init/entry.s            0x00000000   Number         0  entry7a.o ABSOLUTE
    ../clib/microlib/init/entry.s            0x00000000   Number         0  entry11b.o ABSOLUTE
    ../clib/microlib/init/entry.s            0x00000000   Number         0  entry11a.o ABSOLUTE
    ../clib/microlib/init/entry.s            0x00000000   Number         0  entry7b.o ABSOLUTE
    ../clib/microlib/init/entry.s            0x00000000   Number         0  entry5.o ABSOLUTE
    ../clib/microlib/longlong.c              0x00000000   Number         0  llshl.o ABSOLUTE
    ../clib/microlib/longlong.c              0x00000000   Number         0  llushr.o ABSOLUTE
    ../clib/microlib/longlong.c              0x00000000   Number         0  llsshr.o ABSOLUTE
    ../clib/microlib/printf/printf.c         0x00000000   Number         0  printf3.o ABSOLUTE
    ../clib/microlib/printf/printf.c         0x00000000   Number         0  printf4.o ABSOLUTE
    ../clib/microlib/printf/printf.c         0x00000000   Number         0  printf6.o ABSOLUTE
    ../clib/microlib/printf/printf.c         0x00000000   Number         0  printf5.o ABSOLUTE
    ../clib/microlib/printf/printf.c         0x00000000   Number         0  printf0.o ABSOLUTE
    ../clib/microlib/printf/printf.c         0x00000000   Number         0  printfb.o ABSOLUTE
    ../clib/microlib/printf/printf.c         0x00000000   Number         0  printf8.o ABSOLUTE
    ../clib/microlib/printf/printf.c         0x00000000   Number         0  printf1.o ABSOLUTE
    ../clib/microlib/printf/printf.c         0x00000000   Number         0  printf7.o ABSOLUTE
    ../clib/microlib/printf/printf.c         0x00000000   Number         0  printf2.o ABSOLUTE
    ../clib/microlib/printf/printf.c         0x00000000   Number         0  printfa.o ABSOLUTE
    ../clib/microlib/printf/stubs.s          0x00000000   Number         0  stubs.o ABSOLUTE
    ../clib/microlib/stubs.s                 0x00000000   Number         0  useno.o ABSOLUTE
    ../clib/microlib/stubs.s                 0x00000000   Number         0  iusefp.o ABSOLUTE
    ../fplib/microlib/fpadd.c                0x00000000   Number         0  dadd.o ABSOLUTE
    ../fplib/microlib/fpdiv.c                0x00000000   Number         0  ddiv.o ABSOLUTE
    ../fplib/microlib/fpepilogue.c           0x00000000   Number         0  depilogue.o ABSOLUTE
    ../fplib/microlib/fpfix.c                0x00000000   Number         0  dfixul.o ABSOLUTE
    ../fplib/microlib/fpfix.c                0x00000000   Number         0  dfixui.o ABSOLUTE
    ../fplib/microlib/fpfix.c                0x00000000   Number         0  dfixi.o ABSOLUTE
    ../fplib/microlib/fpflt.c                0x00000000   Number         0  dflti.o ABSOLUTE
    ../fplib/microlib/fpflt.c                0x00000000   Number         0  dfltui.o ABSOLUTE
    ../fplib/microlib/fpmul.c                0x00000000   Number         0  dmul.o ABSOLUTE
    ../fplib/microlib/fpneg.c                0x00000000   Number         0  dneg.o ABSOLUTE
    ../mathlib/dunder.c                      0x00000000   Number         0  dunder.o ABSOLUTE
    ../mathlib/log.c                         0x00000000   Number         0  log.o ABSOLUTE
    ../mathlib/log.c                         0x00000000   Number         0  log_x.o ABSOLUTE
    ../mathlib/poly.c                        0x00000000   Number         0  poly.o ABSOLUTE
    ../mathlib/qnan.c                        0x00000000   Number         0  qnan.o ABSOLUTE
    ..\CORE\startup_stm32f40_41xxx.s         0x00000000   Number         0  startup_stm32f40_41xxx.o ABSOLUTE
    ..\FWLIB\src\misc.c                      0x00000000   Number         0  misc.o ABSOLUTE
    ..\FWLIB\src\stm32f4xx_fsmc.c            0x00000000   Number         0  stm32f4xx_fsmc.o ABSOLUTE
    ..\FWLIB\src\stm32f4xx_gpio.c            0x00000000   Number         0  stm32f4xx_gpio.o ABSOLUTE
    ..\FWLIB\src\stm32f4xx_rcc.c             0x00000000   Number         0  stm32f4xx_rcc.o ABSOLUTE
    ..\FWLIB\src\stm32f4xx_syscfg.c          0x00000000   Number         0  stm32f4xx_syscfg.o ABSOLUTE
    ..\FWLIB\src\stm32f4xx_tim.c             0x00000000   Number         0  stm32f4xx_tim.o ABSOLUTE
    ..\FWLIB\src\stm32f4xx_usart.c           0x00000000   Number         0  stm32f4xx_usart.o ABSOLUTE
    ..\HARDWARE\LCD\lcd.c                    0x00000000   Number         0  lcd.o ABSOLUTE
    ..\HARDWARE\LED\led.c                    0x00000000   Number         0  led.o ABSOLUTE
    ..\HARDWARE\PWM\pwm.c                    0x00000000   Number         0  pwm.o ABSOLUTE
    ..\SYSTEM\delay\delay.c                  0x00000000   Number         0  delay.o ABSOLUTE
    ..\SYSTEM\sys\sys.c                      0x00000000   Number         0  sys.o ABSOLUTE
    ..\SYSTEM\usart\usart.c                  0x00000000   Number         0  usart.o ABSOLUTE
    ..\\FWLIB\\src\\misc.c                   0x00000000   Number         0  misc.o ABSOLUTE
    ..\\FWLIB\\src\\stm32f4xx_fsmc.c         0x00000000   Number         0  stm32f4xx_fsmc.o ABSOLUTE
    ..\\FWLIB\\src\\stm32f4xx_gpio.c         0x00000000   Number         0  stm32f4xx_gpio.o ABSOLUTE
    ..\\FWLIB\\src\\stm32f4xx_rcc.c          0x00000000   Number         0  stm32f4xx_rcc.o ABSOLUTE
    ..\\FWLIB\\src\\stm32f4xx_syscfg.c       0x00000000   Number         0  stm32f4xx_syscfg.o ABSOLUTE
    ..\\FWLIB\\src\\stm32f4xx_tim.c          0x00000000   Number         0  stm32f4xx_tim.o ABSOLUTE
    ..\\FWLIB\\src\\stm32f4xx_usart.c        0x00000000   Number         0  stm32f4xx_usart.o ABSOLUTE
    ..\\HARDWARE\\LCD\\lcd.c                 0x00000000   Number         0  lcd.o ABSOLUTE
    ..\\HARDWARE\\LED\\led.c                 0x00000000   Number         0  led.o ABSOLUTE
    ..\\HARDWARE\\PWM\\pwm.c                 0x00000000   Number         0  pwm.o ABSOLUTE
    ..\\SYSTEM\\delay\\delay.c               0x00000000   Number         0  delay.o ABSOLUTE
    ..\\SYSTEM\\sys\\sys.c                   0x00000000   Number         0  sys.o ABSOLUTE
    ..\\SYSTEM\\usart\\usart.c               0x00000000   Number         0  usart.o ABSOLUTE
    cdcmple.s                                0x00000000   Number         0  cdcmple.o ABSOLUTE
    cdrcmple.s                               0x00000000   Number         0  cdrcmple.o ABSOLUTE
    dc.s                                     0x00000000   Number         0  dc.o ABSOLUTE
    handlers.s                               0x00000000   Number         0  handlers.o ABSOLUTE
    init.s                                   0x00000000   Number         0  init.o ABSOLUTE
    main.c                                   0x00000000   Number         0  main.o ABSOLUTE
    main.c                                   0x00000000   Number         0  main.o ABSOLUTE
    stm32f4xx_it.c                           0x00000000   Number         0  stm32f4xx_it.o ABSOLUTE
    stm32f4xx_it.c                           0x00000000   Number         0  stm32f4xx_it.o ABSOLUTE
    system_stm32f4xx.c                       0x00000000   Number         0  system_stm32f4xx.o ABSOLUTE
    system_stm32f4xx.c                       0x00000000   Number         0  system_stm32f4xx.o ABSOLUTE
    timer.C                                  0x00000000   Number         0  timer.o ABSOLUTE
    timer.C                                  0x00000000   Number         0  timer.o ABSOLUTE
    RESET                                    0x08000000   Section      392  startup_stm32f40_41xxx.o(RESET)
    .ARM.Collect$$$$00000000                 0x08000188   Section        0  entry.o(.ARM.Collect$$$$00000000)
    .ARM.Collect$$$$00000001                 0x08000188   Section        4  entry2.o(.ARM.Collect$$$$00000001)
    .ARM.Collect$$$$00000004                 0x0800018c   Section        4  entry5.o(.ARM.Collect$$$$00000004)
    .ARM.Collect$$$$00000008                 0x08000190   Section        0  entry7b.o(.ARM.Collect$$$$00000008)
    .ARM.Collect$$$$0000000A                 0x08000190   Section        0  entry8b.o(.ARM.Collect$$$$0000000A)
    .ARM.Collect$$$$0000000B                 0x08000190   Section        8  entry9a.o(.ARM.Collect$$$$0000000B)
    .ARM.Collect$$$$0000000D                 0x08000198   Section        0  entry10a.o(.ARM.Collect$$$$0000000D)
    .ARM.Collect$$$$0000000F                 0x08000198   Section        0  entry11a.o(.ARM.Collect$$$$0000000F)
    .ARM.Collect$$$$00002712                 0x08000198   Section        4  entry2.o(.ARM.Collect$$$$00002712)
    __lit__00000000                          0x08000198   Data           4  entry2.o(.ARM.Collect$$$$00002712)
    .text                                    0x0800019c   Section        0  main.o(.text)
    .text                                    0x08000610   Section        0  stm32f4xx_it.o(.text)
    .text                                    0x0800062c   Section        0  system_stm32f4xx.o(.text)
    SetSysClock                              0x0800062d   Thumb Code   220  system_stm32f4xx.o(.text)
    .text                                    0x0800083c   Section        0  led.o(.text)
    .text                                    0x0800087c   Section        0  lcd.o(.text)
    .text                                    0x080054fc   Section        0  pwm.o(.text)
    .text                                    0x08005638   Section        0  timer.o(.text)
    .text                                    0x080057f4   Section        0  delay.o(.text)
    .text                                    0x080058f8   Section        0  usart.o(.text)
    .text                                    0x08005a40   Section       36  startup_stm32f40_41xxx.o(.text)
    $v0                                      0x08005a40   Number         0  startup_stm32f40_41xxx.o(.text)
    .text                                    0x08005a64   Section        0  misc.o(.text)
    .text                                    0x08005b44   Section        0  stm32f4xx_gpio.o(.text)
    .text                                    0x08005dd8   Section        0  stm32f4xx_fsmc.o(.text)
    .text                                    0x080063a0   Section        0  stm32f4xx_rcc.o(.text)
    .text                                    0x080069fc   Section        0  stm32f4xx_usart.o(.text)
    .text                                    0x08006e50   Section        0  stm32f4xx_tim.o(.text)
    TI4_Config                               0x080075ef   Thumb Code    80  stm32f4xx_tim.o(.text)
    TI3_Config                               0x08007651   Thumb Code    72  stm32f4xx_tim.o(.text)
    TI2_Config                               0x080076b3   Thumb Code    90  stm32f4xx_tim.o(.text)
    TI1_Config                               0x0800771f   Thumb Code    58  stm32f4xx_tim.o(.text)
    .text                                    0x08007af2   Section        0  dadd.o(.text)
    .text                                    0x08007c40   Section        0  dmul.o(.text)
    .text                                    0x08007d24   Section        0  ddiv.o(.text)
    .text                                    0x08007e02   Section        0  dfltui.o(.text)
    .text                                    0x08007e1c   Section        0  dfixi.o(.text)
    .text                                    0x08007e5a   Section        0  dfixui.o(.text)
    .text                                    0x08007e8c   Section        0  uldiv.o(.text)
    .text                                    0x08007eee   Section        0  llshl.o(.text)
    .text                                    0x08007f0c   Section        0  llushr.o(.text)
    .text                                    0x08007f2c   Section        0  llsshr.o(.text)
    .text                                    0x08007f50   Section        0  depilogue.o(.text)
    .text                                    0x08007f50   Section        0  iusefp.o(.text)
    .text                                    0x0800800a   Section        0  dflti.o(.text)
    .text                                    0x0800802c   Section       48  cdcmple.o(.text)
    .text                                    0x0800805c   Section       36  init.o(.text)
    i.__0printf$5                            0x08008080   Section        0  printf5.o(i.__0printf$5)
    i.__hardfp_log                           0x080080a0   Section        0  log.o(i.__hardfp_log)
    i.__kernel_poly                          0x08008464   Section        0  poly.o(i.__kernel_poly)
    i.__mathlib_dbl_divzero                  0x08008560   Section        0  dunder.o(i.__mathlib_dbl_divzero)
    i.__mathlib_dbl_infnan                   0x08008590   Section        0  dunder.o(i.__mathlib_dbl_infnan)
    i.__mathlib_dbl_invalid                  0x080085a8   Section        0  dunder.o(i.__mathlib_dbl_invalid)
    i.__scatterload_copy                     0x080085c8   Section       14  handlers.o(i.__scatterload_copy)
    i.__scatterload_null                     0x080085d6   Section        2  handlers.o(i.__scatterload_null)
    i.__scatterload_zeroinit                 0x080085d8   Section       14  handlers.o(i.__scatterload_zeroinit)
    i.__set_errno                            0x080085e8   Section        0  errno.o(i.__set_errno)
    i._printf_core                           0x080085f4   Section        0  printf5.o(i._printf_core)
    _printf_core                             0x080085f5   Thumb Code   658  printf5.o(i._printf_core)
    .constdata                               0x080088b4   Section     6080  lcd.o(.constdata)
    .constdata                               0x0800a074   Section       28  stm32f4xx_fsmc.o(.constdata)
    .constdata                               0x0800a090   Section       56  log.o(.constdata)
    Lg2                                      0x0800a090   Data          24  log.o(.constdata)
    Lg                                       0x0800a0a8   Data          32  log.o(.constdata)
    .constdata                               0x0800a0c8   Section        8  qnan.o(.constdata)
    .data                                    0x20000000   Section       84  main.o(.data)
    .data                                    0x20000054   Section       20  system_stm32f4xx.o(.data)
    .data                                    0x20000068   Section        4  lcd.o(.data)
    .data                                    0x2000006c   Section       40  timer.o(.data)
    .data                                    0x20000094   Section        4  delay.o(.data)
    fac_us                                   0x20000094   Data           1  delay.o(.data)
    fac_ms                                   0x20000096   Data           2  delay.o(.data)
    .data                                    0x20000098   Section        6  usart.o(.data)
    .data                                    0x2000009e   Section       16  stm32f4xx_rcc.o(.data)
    APBAHBPrescTable                         0x2000009e   Data          16  stm32f4xx_rcc.o(.data)
    .data                                    0x200000b0   Section        4  errno.o(.data)
    _errno                                   0x200000b0   Data           4  errno.o(.data)
    .bss                                     0x200000b4   Section      152  main.o(.bss)
    .bss                                     0x2000014c   Section       14  lcd.o(.bss)
    .bss                                     0x2000015a   Section       10  timer.o(.bss)
    .bss                                     0x20000164   Section      200  usart.o(.bss)
    STACK                                    0x20000230   Section     1024  startup_stm32f40_41xxx.o(STACK)

    Global Symbols

    Symbol Name                              Value     Ov Type        Size  Object(Section)

    BuildAttributes$$THM_ISAv4$E$P$D$K$B$S$7EM$VFPi3$EXTD16$VFPS$VFMA$PE$A:L22UL41UL21$X:L11$S22US41US21$IEEE1$IW$USESV6$~STKCKD$USESV7$~SHL$OTIME$ROPI$IEEEX$EBA8$MICROLIB$REQ8$PRES8$EABIv2 0x00000000   Number         0  anon$$obj.o ABSOLUTE
    __ARM_use_no_argv                        0x00000000   Number         0  main.o ABSOLUTE
    __use_no_errno                           0x00000000   Number         0  useno.o ABSOLUTE
    __use_no_exception_handling              0x00000000   Number         0  useno.o ABSOLUTE
    __use_no_fp                              0x00000000   Number         0  useno.o ABSOLUTE
    __use_no_heap                            0x00000000   Number         0  useno.o ABSOLUTE
    __use_no_heap_region                     0x00000000   Number         0  useno.o ABSOLUTE
    __use_no_semihosting                     0x00000000   Number         0  useno.o ABSOLUTE
    __use_no_semihosting_swi                 0x00000000   Number         0  useno.o ABSOLUTE
    __use_no_signal_handling                 0x00000000   Number         0  useno.o ABSOLUTE
    _printf_a                                0x00000000   Number         0  stubs.o ABSOLUTE
    _printf_c                                0x00000000   Number         0  stubs.o ABSOLUTE
    _printf_charcount                        0x00000000   Number         0  stubs.o ABSOLUTE
    _printf_d                                0x00000000   Number         0  stubs.o ABSOLUTE
    _printf_e                                0x00000000   Number         0  stubs.o ABSOLUTE
    _printf_f                                0x00000000   Number         0  stubs.o ABSOLUTE
    _printf_flags                            0x00000000   Number         0  stubs.o ABSOLUTE
    _printf_fp_dec                           0x00000000   Number         0  stubs.o ABSOLUTE
    _printf_fp_hex                           0x00000000   Number         0  stubs.o ABSOLUTE
    _printf_g                                0x00000000   Number         0  stubs.o ABSOLUTE
    _printf_i                                0x00000000   Number         0  stubs.o ABSOLUTE
    _printf_int_dec                          0x00000000   Number         0  stubs.o ABSOLUTE
    _printf_l                                0x00000000   Number         0  stubs.o ABSOLUTE
    _printf_lc                               0x00000000   Number         0  stubs.o ABSOLUTE
    _printf_ll                               0x00000000   Number         0  stubs.o ABSOLUTE
    _printf_lld                              0x00000000   Number         0  stubs.o ABSOLUTE
    _printf_lli                              0x00000000   Number         0  stubs.o ABSOLUTE
    _printf_llo                              0x00000000   Number         0  stubs.o ABSOLUTE
    _printf_llu                              0x00000000   Number         0  stubs.o ABSOLUTE
    _printf_llx                              0x00000000   Number         0  stubs.o ABSOLUTE
    _printf_longlong_dec                     0x00000000   Number         0  stubs.o ABSOLUTE
    _printf_longlong_hex                     0x00000000   Number         0  stubs.o ABSOLUTE
    _printf_longlong_oct                     0x00000000   Number         0  stubs.o ABSOLUTE
    _printf_ls                               0x00000000   Number         0  stubs.o ABSOLUTE
    _printf_mbtowc                           0x00000000   Number         0  stubs.o ABSOLUTE
    _printf_n                                0x00000000   Number         0  stubs.o ABSOLUTE
    _printf_o                                0x00000000   Number         0  stubs.o ABSOLUTE
    _printf_p                                0x00000000   Number         0  stubs.o ABSOLUTE
    _printf_percent                          0x00000000   Number         0  stubs.o ABSOLUTE
    _printf_pre_padding                      0x00000000   Number         0  stubs.o ABSOLUTE
    _printf_return_value                     0x00000000   Number         0  stubs.o ABSOLUTE
    _printf_s                                0x00000000   Number         0  stubs.o ABSOLUTE
    _printf_sizespec                         0x00000000   Number         0  stubs.o ABSOLUTE
    _printf_str                              0x00000000   Number         0  stubs.o ABSOLUTE
    _printf_truncate_signed                  0x00000000   Number         0  stubs.o ABSOLUTE
    _printf_truncate_unsigned                0x00000000   Number         0  stubs.o ABSOLUTE
    _printf_u                                0x00000000   Number         0  stubs.o ABSOLUTE
    _printf_wc                               0x00000000   Number         0  stubs.o ABSOLUTE
    _printf_wctomb                           0x00000000   Number         0  stubs.o ABSOLUTE
    _printf_widthprec                        0x00000000   Number         0  stubs.o ABSOLUTE
    _printf_x                                0x00000000   Number         0  stubs.o ABSOLUTE
    __cpp_initialize__aeabi_                  - Undefined Weak Reference
    __cxa_finalize                            - Undefined Weak Reference
    __decompress                              - Undefined Weak Reference
    _clock_init                               - Undefined Weak Reference
    _microlib_exit                            - Undefined Weak Reference
    __Vectors_Size                           0x00000188   Number         0  startup_stm32f40_41xxx.o ABSOLUTE
    __Vectors                                0x08000000   Data           4  startup_stm32f40_41xxx.o(RESET)
    __Vectors_End                            0x08000188   Data           0  startup_stm32f40_41xxx.o(RESET)
    __main                                   0x08000189   Thumb Code     0  entry.o(.ARM.Collect$$$$00000000)
    _main_stk                                0x08000189   Thumb Code     0  entry2.o(.ARM.Collect$$$$00000001)
    _main_scatterload                        0x0800018d   Thumb Code     0  entry5.o(.ARM.Collect$$$$00000004)
    __main_after_scatterload                 0x08000191   Thumb Code     0  entry5.o(.ARM.Collect$$$$00000004)
    _main_clock                              0x08000191   Thumb Code     0  entry7b.o(.ARM.Collect$$$$00000008)
    _main_cpp_init                           0x08000191   Thumb Code     0  entry8b.o(.ARM.Collect$$$$0000000A)
    _main_init                               0x08000191   Thumb Code     0  entry9a.o(.ARM.Collect$$$$0000000B)
    __rt_final_cpp                           0x08000199   Thumb Code     0  entry10a.o(.ARM.Collect$$$$0000000D)
    __rt_final_exit                          0x08000199   Thumb Code     0  entry11a.o(.ARM.Collect$$$$0000000F)
    Extreme                                  0x0800019d   Thumb Code    70  main.o(.text)
    Filter                                   0x080001e3   Thumb Code    88  main.o(.text)
    main                                     0x0800023b   Thumb Code   982  main.o(.text)
    NMI_Handler                              0x08000611   Thumb Code     2  stm32f4xx_it.o(.text)
    HardFault_Handler                        0x08000613   Thumb Code     4  stm32f4xx_it.o(.text)
    MemManage_Handler                        0x08000617   Thumb Code     4  stm32f4xx_it.o(.text)
    BusFault_Handler                         0x0800061b   Thumb Code     4  stm32f4xx_it.o(.text)
    UsageFault_Handler                       0x0800061f   Thumb Code     4  stm32f4xx_it.o(.text)
    SVC_Handler                              0x08000623   Thumb Code     2  stm32f4xx_it.o(.text)
    DebugMon_Handler                         0x08000625   Thumb Code     2  stm32f4xx_it.o(.text)
    PendSV_Handler                           0x08000627   Thumb Code     2  stm32f4xx_it.o(.text)
    SysTick_Handler                          0x08000629   Thumb Code     2  stm32f4xx_it.o(.text)
    SystemInit                               0x08000709   Thumb Code    88  system_stm32f4xx.o(.text)
    SystemCoreClockUpdate                    0x08000761   Thumb Code   174  system_stm32f4xx.o(.text)
    LED_Init                                 0x0800083d   Thumb Code    60  led.o(.text)
    LCD_WR_REG                               0x0800087d   Thumb Code    18  lcd.o(.text)
    LCD_WR_DATA                              0x0800088f   Thumb Code    20  lcd.o(.text)
    LCD_RD_DATA                              0x080008a3   Thumb Code    16  lcd.o(.text)
    LCD_WriteReg                             0x080008b3   Thumb Code    14  lcd.o(.text)
    LCD_ReadReg                              0x080008c1   Thumb Code    22  lcd.o(.text)
    LCD_WriteRAM_Prepare                     0x080008d7   Thumb Code    10  lcd.o(.text)
    LCD_WriteRAM                             0x080008e1   Thumb Code     8  lcd.o(.text)
    LCD_BGR2RGB                              0x080008e9   Thumb Code    26  lcd.o(.text)
    opt_delay                                0x08000903   Thumb Code    14  lcd.o(.text)
    LCD_SetCursor                            0x08000911   Thumb Code   418  lcd.o(.text)
    LCD_ReadPoint                            0x08000ab3   Thumb Code   360  lcd.o(.text)
    LCD_DisplayOn                            0x08000c1b   Thumb Code   102  lcd.o(.text)
    LCD_DisplayOff                           0x08000c81   Thumb Code    90  lcd.o(.text)
    LCD_Scan_Dir                             0x08000cdb   Thumb Code   744  lcd.o(.text)
    LCD_DrawPoint                            0x08000fc3   Thumb Code    28  lcd.o(.text)
    LCD_Fast_DrawPoint                       0x08000fdf   Thumb Code   388  lcd.o(.text)
    LCD_SSD_BackLightSet                     0x08001163   Thumb Code    88  lcd.o(.text)
    LCD_Display_Dir                          0x080011bb   Thumb Code   444  lcd.o(.text)
    LCD_Set_Window                           0x08001377   Thumb Code   546  lcd.o(.text)
    LCD_Clear                                0x08001599   Thumb Code   100  lcd.o(.text)
    LCD_Init                                 0x080015fd   Thumb Code 14696  lcd.o(.text)
    LCD_Fill                                 0x08004f65   Thumb Code   180  lcd.o(.text)
    LCD_Color_Fill                           0x08005019   Thumb Code   100  lcd.o(.text)
    LCD_DrawLine                             0x0800507d   Thumb Code   176  lcd.o(.text)
    LCD_DrawRectangle                        0x0800512d   Thumb Code    60  lcd.o(.text)
    LCD_Draw_Circle                          0x08005169   Thumb Code   152  lcd.o(.text)
    LCD_ShowChar                             0x08005201   Thumb Code   272  lcd.o(.text)
    LCD_Pow                                  0x08005311   Thumb Code    22  lcd.o(.text)
    LCD_ShowNum                              0x08005327   Thumb Code   148  lcd.o(.text)
    LCD_ShowxNum                             0x080053bb   Thumb Code   220  lcd.o(.text)
    LCD_ShowString                           0x08005497   Thumb Code   102  lcd.o(.text)
    TIM14_PWM_Init                           0x080054fd   Thumb Code   152  pwm.o(.text)
    TIM13_PWM_Init                           0x08005595   Thumb Code   152  pwm.o(.text)
    TIM5_CH1_Cap_Init                        0x08005639   Thumb Code   170  timer.o(.text)
    TIMDelay_N10us                           0x080056e3   Thumb Code    56  timer.o(.text)
    TIMDelay_Nms                             0x0800571b   Thumb Code    24  timer.o(.text)
    TIM5_IRQHandler                          0x08005733   Thumb Code   156  timer.o(.text)
    delay_init                               0x080057f5   Thumb Code    52  delay.o(.text)
    delay_us                                 0x08005829   Thumb Code    72  delay.o(.text)
    delay_xms                                0x08005871   Thumb Code    72  delay.o(.text)
    delay_ms                                 0x080058b9   Thumb Code    56  delay.o(.text)
    _sys_exit                                0x080058f9   Thumb Code     4  usart.o(.text)
    fputc                                    0x080058fd   Thumb Code    22  usart.o(.text)
    uart_init                                0x08005913   Thumb Code   164  usart.o(.text)
    USART1_IRQHandler                        0x080059b7   Thumb Code   122  usart.o(.text)
    Reset_Handler                            0x08005a41   Thumb Code     8  startup_stm32f40_41xxx.o(.text)
    ADC_IRQHandler                           0x08005a5b   Thumb Code     0  startup_stm32f40_41xxx.o(.text)
    CAN1_RX0_IRQHandler                      0x08005a5b   Thumb Code     0  startup_stm32f40_41xxx.o(.text)
    CAN1_RX1_IRQHandler                      0x08005a5b   Thumb Code     0  startup_stm32f40_41xxx.o(.text)
    CAN1_SCE_IRQHandler                      0x08005a5b   Thumb Code     0  startup_stm32f40_41xxx.o(.text)
    CAN1_TX_IRQHandler                       0x08005a5b   Thumb Code     0  startup_stm32f40_41xxx.o(.text)
    CAN2_RX0_IRQHandler                      0x08005a5b   Thumb Code     0  startup_stm32f40_41xxx.o(.text)
    CAN2_RX1_IRQHandler                      0x08005a5b   Thumb Code     0  startup_stm32f40_41xxx.o(.text)
    CAN2_SCE_IRQHandler                      0x08005a5b   Thumb Code     0  startup_stm32f40_41xxx.o(.text)
    CAN2_TX_IRQHandler                       0x08005a5b   Thumb Code     0  startup_stm32f40_41xxx.o(.text)
    CRYP_IRQHandler                          0x08005a5b   Thumb Code     0  startup_stm32f40_41xxx.o(.text)
    DCMI_IRQHandler                          0x08005a5b   Thumb Code     0  startup_stm32f40_41xxx.o(.text)
    DMA1_Stream0_IRQHandler                  0x08005a5b   Thumb Code     0  startup_stm32f40_41xxx.o(.text)
    DMA1_Stream1_IRQHandler                  0x08005a5b   Thumb Code     0  startup_stm32f40_41xxx.o(.text)
    DMA1_Stream2_IRQHandler                  0x08005a5b   Thumb Code     0  startup_stm32f40_41xxx.o(.text)
    DMA1_Stream3_IRQHandler                  0x08005a5b   Thumb Code     0  startup_stm32f40_41xxx.o(.text)
    DMA1_Stream4_IRQHandler                  0x08005a5b   Thumb Code     0  startup_stm32f40_41xxx.o(.text)
    DMA1_Stream5_IRQHandler                  0x08005a5b   Thumb Code     0  startup_stm32f40_41xxx.o(.text)
    DMA1_Stream6_IRQHandler                  0x08005a5b   Thumb Code     0  startup_stm32f40_41xxx.o(.text)
    DMA1_Stream7_IRQHandler                  0x08005a5b   Thumb Code     0  startup_stm32f40_41xxx.o(.text)
    DMA2_Stream0_IRQHandler                  0x08005a5b   Thumb Code     0  startup_stm32f40_41xxx.o(.text)
    DMA2_Stream1_IRQHandler                  0x08005a5b   Thumb Code     0  startup_stm32f40_41xxx.o(.text)
    DMA2_Stream2_IRQHandler                  0x08005a5b   Thumb Code     0  startup_stm32f40_41xxx.o(.text)
    DMA2_Stream3_IRQHandler                  0x08005a5b   Thumb Code     0  startup_stm32f40_41xxx.o(.text)
    DMA2_Stream4_IRQHandler                  0x08005a5b   Thumb Code     0  startup_stm32f40_41xxx.o(.text)
    DMA2_Stream5_IRQHandler                  0x08005a5b   Thumb Code     0  startup_stm32f40_41xxx.o(.text)
    DMA2_Stream6_IRQHandler                  0x08005a5b   Thumb Code     0  startup_stm32f40_41xxx.o(.text)
    DMA2_Stream7_IRQHandler                  0x08005a5b   Thumb Code     0  startup_stm32f40_41xxx.o(.text)
    ETH_IRQHandler                           0x08005a5b   Thumb Code     0  startup_stm32f40_41xxx.o(.text)
    ETH_WKUP_IRQHandler                      0x08005a5b   Thumb Code     0  startup_stm32f40_41xxx.o(.text)
    EXTI0_IRQHandler                         0x08005a5b   Thumb Code     0  startup_stm32f40_41xxx.o(.text)
    EXTI15_10_IRQHandler                     0x08005a5b   Thumb Code     0  startup_stm32f40_41xxx.o(.text)
    EXTI1_IRQHandler                         0x08005a5b   Thumb Code     0  startup_stm32f40_41xxx.o(.text)
    EXTI2_IRQHandler                         0x08005a5b   Thumb Code     0  startup_stm32f40_41xxx.o(.text)
    EXTI3_IRQHandler                         0x08005a5b   Thumb Code     0  startup_stm32f40_41xxx.o(.text)
    EXTI4_IRQHandler                         0x08005a5b   Thumb Code     0  startup_stm32f40_41xxx.o(.text)
    EXTI9_5_IRQHandler                       0x08005a5b   Thumb Code     0  startup_stm32f40_41xxx.o(.text)
    FLASH_IRQHandler                         0x08005a5b   Thumb Code     0  startup_stm32f40_41xxx.o(.text)
    FPU_IRQHandler                           0x08005a5b   Thumb Code     0  startup_stm32f40_41xxx.o(.text)
    FSMC_IRQHandler                          0x08005a5b   Thumb Code     0  startup_stm32f40_41xxx.o(.text)
    HASH_RNG_IRQHandler                      0x08005a5b   Thumb Code     0  startup_stm32f40_41xxx.o(.text)
    I2C1_ER_IRQHandler                       0x08005a5b   Thumb Code     0  startup_stm32f40_41xxx.o(.text)
    I2C1_EV_IRQHandler                       0x08005a5b   Thumb Code     0  startup_stm32f40_41xxx.o(.text)
    I2C2_ER_IRQHandler                       0x08005a5b   Thumb Code     0  startup_stm32f40_41xxx.o(.text)
    I2C2_EV_IRQHandler                       0x08005a5b   Thumb Code     0  startup_stm32f40_41xxx.o(.text)
    I2C3_ER_IRQHandler                       0x08005a5b   Thumb Code     0  startup_stm32f40_41xxx.o(.text)
    I2C3_EV_IRQHandler                       0x08005a5b   Thumb Code     0  startup_stm32f40_41xxx.o(.text)
    OTG_FS_IRQHandler                        0x08005a5b   Thumb Code     0  startup_stm32f40_41xxx.o(.text)
    OTG_FS_WKUP_IRQHandler                   0x08005a5b   Thumb Code     0  startup_stm32f40_41xxx.o(.text)
    OTG_HS_EP1_IN_IRQHandler                 0x08005a5b   Thumb Code     0  startup_stm32f40_41xxx.o(.text)
    OTG_HS_EP1_OUT_IRQHandler                0x08005a5b   Thumb Code     0  startup_stm32f40_41xxx.o(.text)
    OTG_HS_IRQHandler                        0x08005a5b   Thumb Code     0  startup_stm32f40_41xxx.o(.text)
    OTG_HS_WKUP_IRQHandler                   0x08005a5b   Thumb Code     0  startup_stm32f40_41xxx.o(.text)
    PVD_IRQHandler                           0x08005a5b   Thumb Code     0  startup_stm32f40_41xxx.o(.text)
    RCC_IRQHandler                           0x08005a5b   Thumb Code     0  startup_stm32f40_41xxx.o(.text)
    RTC_Alarm_IRQHandler                     0x08005a5b   Thumb Code     0  startup_stm32f40_41xxx.o(.text)
    RTC_WKUP_IRQHandler                      0x08005a5b   Thumb Code     0  startup_stm32f40_41xxx.o(.text)
    SDIO_IRQHandler                          0x08005a5b   Thumb Code     0  startup_stm32f40_41xxx.o(.text)
    SPI1_IRQHandler                          0x08005a5b   Thumb Code     0  startup_stm32f40_41xxx.o(.text)
    SPI2_IRQHandler                          0x08005a5b   Thumb Code     0  startup_stm32f40_41xxx.o(.text)
    SPI3_IRQHandler                          0x08005a5b   Thumb Code     0  startup_stm32f40_41xxx.o(.text)
    TAMP_STAMP_IRQHandler                    0x08005a5b   Thumb Code     0  startup_stm32f40_41xxx.o(.text)
    TIM1_BRK_TIM9_IRQHandler                 0x08005a5b   Thumb Code     0  startup_stm32f40_41xxx.o(.text)
    TIM1_CC_IRQHandler                       0x08005a5b   Thumb Code     0  startup_stm32f40_41xxx.o(.text)
    TIM1_TRG_COM_TIM11_IRQHandler            0x08005a5b   Thumb Code     0  startup_stm32f40_41xxx.o(.text)
    TIM1_UP_TIM10_IRQHandler                 0x08005a5b   Thumb Code     0  startup_stm32f40_41xxx.o(.text)
    TIM2_IRQHandler                          0x08005a5b   Thumb Code     0  startup_stm32f40_41xxx.o(.text)
    TIM3_IRQHandler                          0x08005a5b   Thumb Code     0  startup_stm32f40_41xxx.o(.text)
    TIM4_IRQHandler                          0x08005a5b   Thumb Code     0  startup_stm32f40_41xxx.o(.text)
    TIM6_DAC_IRQHandler                      0x08005a5b   Thumb Code     0  startup_stm32f40_41xxx.o(.text)
    TIM7_IRQHandler                          0x08005a5b   Thumb Code     0  startup_stm32f40_41xxx.o(.text)
    TIM8_BRK_TIM12_IRQHandler                0x08005a5b   Thumb Code     0  startup_stm32f40_41xxx.o(.text)
    TIM8_CC_IRQHandler                       0x08005a5b   Thumb Code     0  startup_stm32f40_41xxx.o(.text)
    TIM8_TRG_COM_TIM14_IRQHandler            0x08005a5b   Thumb Code     0  startup_stm32f40_41xxx.o(.text)
    TIM8_UP_TIM13_IRQHandler                 0x08005a5b   Thumb Code     0  startup_stm32f40_41xxx.o(.text)
    UART4_IRQHandler                         0x08005a5b   Thumb Code     0  startup_stm32f40_41xxx.o(.text)
    UART5_IRQHandler                         0x08005a5b   Thumb Code     0  startup_stm32f40_41xxx.o(.text)
    USART2_IRQHandler                        0x08005a5b   Thumb Code     0  startup_stm32f40_41xxx.o(.text)
    USART3_IRQHandler                        0x08005a5b   Thumb Code     0  startup_stm32f40_41xxx.o(.text)
    USART6_IRQHandler                        0x08005a5b   Thumb Code     0  startup_stm32f40_41xxx.o(.text)
    WWDG_IRQHandler                          0x08005a5b   Thumb Code     0  startup_stm32f40_41xxx.o(.text)
    NVIC_PriorityGroupConfig                 0x08005a65   Thumb Code    10  misc.o(.text)
    NVIC_Init                                0x08005a6f   Thumb Code   106  misc.o(.text)
    NVIC_SetVectorTable                      0x08005ad9   Thumb Code    14  misc.o(.text)
    NVIC_SystemLPConfig                      0x08005ae7   Thumb Code    34  misc.o(.text)
    SysTick_CLKSourceConfig                  0x08005b09   Thumb Code    40  misc.o(.text)
    GPIO_DeInit                              0x08005b45   Thumb Code   268  stm32f4xx_gpio.o(.text)
    GPIO_Init                                0x08005c51   Thumb Code   144  stm32f4xx_gpio.o(.text)
    GPIO_StructInit                          0x08005ce1   Thumb Code    18  stm32f4xx_gpio.o(.text)
    GPIO_PinLockConfig                       0x08005cf3   Thumb Code    34  stm32f4xx_gpio.o(.text)
    GPIO_ReadInputDataBit                    0x08005d15   Thumb Code    18  stm32f4xx_gpio.o(.text)
    GPIO_ReadInputData                       0x08005d27   Thumb Code     8  stm32f4xx_gpio.o(.text)
    GPIO_ReadOutputDataBit                   0x08005d2f   Thumb Code    18  stm32f4xx_gpio.o(.text)
    GPIO_ReadOutputData                      0x08005d41   Thumb Code     8  stm32f4xx_gpio.o(.text)
    GPIO_SetBits                             0x08005d49   Thumb Code     4  stm32f4xx_gpio.o(.text)
    GPIO_ResetBits                           0x08005d4d   Thumb Code     4  stm32f4xx_gpio.o(.text)
    GPIO_WriteBit                            0x08005d51   Thumb Code    10  stm32f4xx_gpio.o(.text)
    GPIO_Write                               0x08005d5b   Thumb Code     4  stm32f4xx_gpio.o(.text)
    GPIO_ToggleBits                          0x08005d5f   Thumb Code     8  stm32f4xx_gpio.o(.text)
    GPIO_PinAFConfig                         0x08005d67   Thumb Code    70  stm32f4xx_gpio.o(.text)
    FSMC_NORSRAMDeInit                       0x08005dd9   Thumb Code    54  stm32f4xx_fsmc.o(.text)
    FSMC_NORSRAMInit                         0x08005e0f   Thumb Code   230  stm32f4xx_fsmc.o(.text)
    FSMC_NORSRAMStructInit                   0x08005ef5   Thumb Code    48  stm32f4xx_fsmc.o(.text)
    FSMC_NORSRAMCmd                          0x08005f25   Thumb Code    46  stm32f4xx_fsmc.o(.text)
    FSMC_NANDDeInit                          0x08005f53   Thumb Code    62  stm32f4xx_fsmc.o(.text)
    FSMC_NANDInit                            0x08005f91   Thumb Code   132  stm32f4xx_fsmc.o(.text)
    FSMC_NANDStructInit                      0x08006015   Thumb Code    54  stm32f4xx_fsmc.o(.text)
    FSMC_NANDCmd                             0x0800604b   Thumb Code    86  stm32f4xx_fsmc.o(.text)
    FSMC_NANDECCCmd                          0x080060a1   Thumb Code    86  stm32f4xx_fsmc.o(.text)
    FSMC_GetECC                              0x080060f7   Thumb Code    24  stm32f4xx_fsmc.o(.text)
    FSMC_PCCARDDeInit                        0x0800610f   Thumb Code    36  stm32f4xx_fsmc.o(.text)
    FSMC_PCCARDInit                          0x08006133   Thumb Code   130  stm32f4xx_fsmc.o(.text)
    FSMC_PCCARDStructInit                    0x080061b5   Thumb Code    60  stm32f4xx_fsmc.o(.text)
    FSMC_PCCARDCmd                           0x080061f1   Thumb Code    44  stm32f4xx_fsmc.o(.text)
    FSMC_ITConfig                            0x0800621d   Thumb Code   128  stm32f4xx_fsmc.o(.text)
    FSMC_GetFlagStatus                       0x0800629d   Thumb Code    54  stm32f4xx_fsmc.o(.text)
    FSMC_ClearFlag                           0x080062d3   Thumb Code    74  stm32f4xx_fsmc.o(.text)
    FSMC_GetITStatus                         0x0800631d   Thumb Code    62  stm32f4xx_fsmc.o(.text)
    FSMC_ClearITPendingBit                   0x0800635b   Thumb Code    66  stm32f4xx_fsmc.o(.text)
    RCC_DeInit                               0x080063a1   Thumb Code    82  stm32f4xx_rcc.o(.text)
    RCC_HSEConfig                            0x080063f3   Thumb Code    14  stm32f4xx_rcc.o(.text)
    RCC_GetFlagStatus                        0x08006401   Thumb Code    60  stm32f4xx_rcc.o(.text)
    RCC_WaitForHSEStartUp                    0x0800643d   Thumb Code    56  stm32f4xx_rcc.o(.text)
    RCC_AdjustHSICalibrationValue            0x08006475   Thumb Code    20  stm32f4xx_rcc.o(.text)
    RCC_HSICmd                               0x08006489   Thumb Code     6  stm32f4xx_rcc.o(.text)
    RCC_LSEConfig                            0x0800648f   Thumb Code    46  stm32f4xx_rcc.o(.text)
    RCC_LSICmd                               0x080064bd   Thumb Code     6  stm32f4xx_rcc.o(.text)
    RCC_PLLConfig                            0x080064c3   Thumb Code    32  stm32f4xx_rcc.o(.text)
    RCC_PLLCmd                               0x080064e3   Thumb Code     6  stm32f4xx_rcc.o(.text)
    RCC_PLLI2SConfig                         0x080064e9   Thumb Code    14  stm32f4xx_rcc.o(.text)
    RCC_PLLI2SCmd                            0x080064f7   Thumb Code     6  stm32f4xx_rcc.o(.text)
    RCC_PLLSAIConfig                         0x080064fd   Thumb Code    20  stm32f4xx_rcc.o(.text)
    RCC_PLLSAICmd                            0x08006511   Thumb Code     6  stm32f4xx_rcc.o(.text)
    RCC_ClockSecuritySystemCmd               0x08006517   Thumb Code     6  stm32f4xx_rcc.o(.text)
    RCC_MCO1Config                           0x0800651d   Thumb Code    28  stm32f4xx_rcc.o(.text)
    RCC_MCO2Config                           0x08006539   Thumb Code    28  stm32f4xx_rcc.o(.text)
    RCC_SYSCLKConfig                         0x08006555   Thumb Code    20  stm32f4xx_rcc.o(.text)
    RCC_GetSYSCLKSource                      0x08006569   Thumb Code    12  stm32f4xx_rcc.o(.text)
    RCC_HCLKConfig                           0x08006575   Thumb Code    20  stm32f4xx_rcc.o(.text)
    RCC_PCLK1Config                          0x08006589   Thumb Code    20  stm32f4xx_rcc.o(.text)
    RCC_PCLK2Config                          0x0800659d   Thumb Code    22  stm32f4xx_rcc.o(.text)
    RCC_GetClocksFreq                        0x080065b3   Thumb Code   222  stm32f4xx_rcc.o(.text)
    RCC_RTCCLKConfig                         0x08006691   Thumb Code    54  stm32f4xx_rcc.o(.text)
    RCC_RTCCLKCmd                            0x080066c7   Thumb Code     8  stm32f4xx_rcc.o(.text)
    RCC_BackupResetCmd                       0x080066cf   Thumb Code     8  stm32f4xx_rcc.o(.text)
    RCC_I2SCLKConfig                         0x080066d7   Thumb Code     6  stm32f4xx_rcc.o(.text)
    RCC_SAIPLLI2SClkDivConfig                0x080066dd   Thumb Code    26  stm32f4xx_rcc.o(.text)
    RCC_SAIPLLSAIClkDivConfig                0x080066f7   Thumb Code    28  stm32f4xx_rcc.o(.text)
    RCC_SAIBlockACLKConfig                   0x08006713   Thumb Code    20  stm32f4xx_rcc.o(.text)
    RCC_SAIBlockBCLKConfig                   0x08006727   Thumb Code    20  stm32f4xx_rcc.o(.text)
    RCC_LTDCCLKDivConfig                     0x0800673b   Thumb Code    20  stm32f4xx_rcc.o(.text)
    RCC_TIMCLKPresConfig                     0x0800674f   Thumb Code     6  stm32f4xx_rcc.o(.text)
    RCC_AHB1PeriphClockCmd                   0x08006755   Thumb Code    34  stm32f4xx_rcc.o(.text)
    RCC_AHB2PeriphClockCmd                   0x08006777   Thumb Code    78  stm32f4xx_rcc.o(.text)
    RCC_AHB3PeriphClockCmd                   0x080067c5   Thumb Code    34  stm32f4xx_rcc.o(.text)
    RCC_APB1PeriphClockCmd                   0x080067e7   Thumb Code    34  stm32f4xx_rcc.o(.text)
    RCC_APB2PeriphClockCmd                   0x08006809   Thumb Code    34  stm32f4xx_rcc.o(.text)
    RCC_AHB1PeriphResetCmd                   0x0800682b   Thumb Code    34  stm32f4xx_rcc.o(.text)
    RCC_AHB2PeriphResetCmd                   0x0800684d   Thumb Code    34  stm32f4xx_rcc.o(.text)
    RCC_AHB3PeriphResetCmd                   0x0800686f   Thumb Code    34  stm32f4xx_rcc.o(.text)
    RCC_APB1PeriphResetCmd                   0x08006891   Thumb Code    34  stm32f4xx_rcc.o(.text)
    RCC_APB2PeriphResetCmd                   0x080068b3   Thumb Code    34  stm32f4xx_rcc.o(.text)
    RCC_AHB1PeriphClockLPModeCmd             0x080068d5   Thumb Code    34  stm32f4xx_rcc.o(.text)
    RCC_AHB2PeriphClockLPModeCmd             0x080068f7   Thumb Code    34  stm32f4xx_rcc.o(.text)
    RCC_AHB3PeriphClockLPModeCmd             0x08006919   Thumb Code    34  stm32f4xx_rcc.o(.text)
    RCC_APB1PeriphClockLPModeCmd             0x0800693b   Thumb Code    34  stm32f4xx_rcc.o(.text)
    RCC_APB2PeriphClockLPModeCmd             0x0800695d   Thumb Code    34  stm32f4xx_rcc.o(.text)
    RCC_LSEModeConfig                        0x0800697f   Thumb Code    40  stm32f4xx_rcc.o(.text)
    RCC_ITConfig                             0x080069a7   Thumb Code    34  stm32f4xx_rcc.o(.text)
    RCC_ClearFlag                            0x080069c9   Thumb Code    18  stm32f4xx_rcc.o(.text)
    RCC_GetITStatus                          0x080069db   Thumb Code    22  stm32f4xx_rcc.o(.text)
    RCC_ClearITPendingBit                    0x080069f1   Thumb Code     8  stm32f4xx_rcc.o(.text)
    USART_DeInit                             0x080069fd   Thumb Code   206  stm32f4xx_usart.o(.text)
    USART_Init                               0x08006acb   Thumb Code   204  stm32f4xx_usart.o(.text)
    USART_StructInit                         0x08006b97   Thumb Code    24  stm32f4xx_usart.o(.text)
    USART_ClockInit                          0x08006baf   Thumb Code    32  stm32f4xx_usart.o(.text)
    USART_ClockStructInit                    0x08006bcf   Thumb Code    12  stm32f4xx_usart.o(.text)
    USART_Cmd                                0x08006bdb   Thumb Code    24  stm32f4xx_usart.o(.text)
    USART_SetPrescaler                       0x08006bf3   Thumb Code    16  stm32f4xx_usart.o(.text)
    USART_OverSampling8Cmd                   0x08006c03   Thumb Code    22  stm32f4xx_usart.o(.text)
    USART_OneBitMethodCmd                    0x08006c19   Thumb Code    24  stm32f4xx_usart.o(.text)
    USART_SendData                           0x08006c31   Thumb Code     8  stm32f4xx_usart.o(.text)
    USART_ReceiveData                        0x08006c39   Thumb Code    10  stm32f4xx_usart.o(.text)
    USART_SetAddress                         0x08006c43   Thumb Code    18  stm32f4xx_usart.o(.text)
    USART_ReceiverWakeUpCmd                  0x08006c55   Thumb Code    24  stm32f4xx_usart.o(.text)
    USART_WakeUpConfig                       0x08006c6d   Thumb Code    18  stm32f4xx_usart.o(.text)
    USART_LINBreakDetectLengthConfig         0x08006c7f   Thumb Code    18  stm32f4xx_usart.o(.text)
    USART_LINCmd                             0x08006c91   Thumb Code    24  stm32f4xx_usart.o(.text)
    USART_SendBreak                          0x08006ca9   Thumb Code    10  stm32f4xx_usart.o(.text)
    USART_HalfDuplexCmd                      0x08006cb3   Thumb Code    24  stm32f4xx_usart.o(.text)
    USART_SetGuardTime                       0x08006ccb   Thumb Code    16  stm32f4xx_usart.o(.text)
    USART_SmartCardCmd                       0x08006cdb   Thumb Code    24  stm32f4xx_usart.o(.text)
    USART_SmartCardNACKCmd                   0x08006cf3   Thumb Code    24  stm32f4xx_usart.o(.text)
    USART_IrDAConfig                         0x08006d0b   Thumb Code    18  stm32f4xx_usart.o(.text)
    USART_IrDACmd                            0x08006d1d   Thumb Code    24  stm32f4xx_usart.o(.text)
    USART_DMACmd                             0x08006d35   Thumb Code    18  stm32f4xx_usart.o(.text)
    USART_ITConfig                           0x08006d47   Thumb Code    74  stm32f4xx_usart.o(.text)
    USART_GetFlagStatus                      0x08006d91   Thumb Code    26  stm32f4xx_usart.o(.text)
    USART_ClearFlag                          0x08006dab   Thumb Code    18  stm32f4xx_usart.o(.text)
    USART_GetITStatus                        0x08006dbd   Thumb Code   118  stm32f4xx_usart.o(.text)
    USART_ClearITPendingBit                  0x08006e33   Thumb Code    30  stm32f4xx_usart.o(.text)
    TIM_DeInit                               0x08006e51   Thumb Code   346  stm32f4xx_tim.o(.text)
    TIM_TimeBaseInit                         0x08006fab   Thumb Code   104  stm32f4xx_tim.o(.text)
    TIM_TimeBaseStructInit                   0x08007013   Thumb Code    18  stm32f4xx_tim.o(.text)
    TIM_PrescalerConfig                      0x08007025   Thumb Code     6  stm32f4xx_tim.o(.text)
    TIM_CounterModeConfig                    0x0800702b   Thumb Code    18  stm32f4xx_tim.o(.text)
    TIM_SetCounter                           0x0800703d   Thumb Code     4  stm32f4xx_tim.o(.text)
    TIM_SetAutoreload                        0x08007041   Thumb Code     4  stm32f4xx_tim.o(.text)
    TIM_GetCounter                           0x08007045   Thumb Code     6  stm32f4xx_tim.o(.text)
    TIM_GetPrescaler                         0x0800704b   Thumb Code     6  stm32f4xx_tim.o(.text)
    TIM_UpdateDisableConfig                  0x08007051   Thumb Code    24  stm32f4xx_tim.o(.text)
    TIM_UpdateRequestConfig                  0x08007069   Thumb Code    24  stm32f4xx_tim.o(.text)
    TIM_ARRPreloadConfig                     0x08007081   Thumb Code    24  stm32f4xx_tim.o(.text)
    TIM_SelectOnePulseMode                   0x08007099   Thumb Code    18  stm32f4xx_tim.o(.text)
    TIM_SetClockDivision                     0x080070ab   Thumb Code    18  stm32f4xx_tim.o(.text)
    TIM_Cmd                                  0x080070bd   Thumb Code    24  stm32f4xx_tim.o(.text)
    TIM_OC1Init                              0x080070d5   Thumb Code   114  stm32f4xx_tim.o(.text)
    TIM_OC2Init                              0x08007147   Thumb Code   154  stm32f4xx_tim.o(.text)
    TIM_OC3Init                              0x080071e1   Thumb Code   204  stm32f4xx_tim.o(.text)
    TIM_OC4Init                              0x080072ad   Thumb Code   112  stm32f4xx_tim.o(.text)
    TIM_OCStructInit                         0x0800731d   Thumb Code    20  stm32f4xx_tim.o(.text)
    TIM_SelectOCxM                           0x08007331   Thumb Code    86  stm32f4xx_tim.o(.text)
    TIM_SetCompare1                          0x08007387   Thumb Code     4  stm32f4xx_tim.o(.text)
    TIM_SetCompare2                          0x0800738b   Thumb Code     4  stm32f4xx_tim.o(.text)
    TIM_SetCompare3                          0x0800738f   Thumb Code     4  stm32f4xx_tim.o(.text)
    TIM_SetCompare4                          0x08007393   Thumb Code     4  stm32f4xx_tim.o(.text)
    TIM_ForcedOC1Config                      0x08007397   Thumb Code    18  stm32f4xx_tim.o(.text)
    TIM_ForcedOC2Config                      0x080073a9   Thumb Code    26  stm32f4xx_tim.o(.text)
    TIM_ForcedOC3Config                      0x080073c3   Thumb Code    18  stm32f4xx_tim.o(.text)
    TIM_ForcedOC4Config                      0x080073d5   Thumb Code    26  stm32f4xx_tim.o(.text)
    TIM_OC1PreloadConfig                     0x080073ef   Thumb Code    18  stm32f4xx_tim.o(.text)
    TIM_OC2PreloadConfig                     0x08007401   Thumb Code    26  stm32f4xx_tim.o(.text)
    TIM_OC3PreloadConfig                     0x0800741b   Thumb Code    18  stm32f4xx_tim.o(.text)
    TIM_OC4PreloadConfig                     0x0800742d   Thumb Code    26  stm32f4xx_tim.o(.text)
    TIM_OC1FastConfig                        0x08007447   Thumb Code    18  stm32f4xx_tim.o(.text)
    TIM_OC2FastConfig                        0x08007459   Thumb Code    26  stm32f4xx_tim.o(.text)
    TIM_OC3FastConfig                        0x08007473   Thumb Code    18  stm32f4xx_tim.o(.text)
    TIM_OC4FastConfig                        0x08007485   Thumb Code    26  stm32f4xx_tim.o(.text)
    TIM_ClearOC1Ref                          0x0800749f   Thumb Code    18  stm32f4xx_tim.o(.text)
    TIM_ClearOC2Ref                          0x080074b1   Thumb Code    24  stm32f4xx_tim.o(.text)
    TIM_ClearOC3Ref                          0x080074c9   Thumb Code    18  stm32f4xx_tim.o(.text)
    TIM_ClearOC4Ref                          0x080074db   Thumb Code    24  stm32f4xx_tim.o(.text)
    TIM_OC1PolarityConfig                    0x080074f3   Thumb Code    18  stm32f4xx_tim.o(.text)
    TIM_OC1NPolarityConfig                   0x08007505   Thumb Code    18  stm32f4xx_tim.o(.text)
    TIM_OC2PolarityConfig                    0x08007517   Thumb Code    26  stm32f4xx_tim.o(.text)
    TIM_OC2NPolarityConfig                   0x08007531   Thumb Code    26  stm32f4xx_tim.o(.text)
    TIM_OC3PolarityConfig                    0x0800754b   Thumb Code    26  stm32f4xx_tim.o(.text)
    TIM_OC3NPolarityConfig                   0x08007565   Thumb Code    26  stm32f4xx_tim.o(.text)
    TIM_OC4PolarityConfig                    0x0800757f   Thumb Code    26  stm32f4xx_tim.o(.text)
    TIM_CCxCmd                               0x08007599   Thumb Code    30  stm32f4xx_tim.o(.text)
    TIM_CCxNCmd                              0x080075b7   Thumb Code    30  stm32f4xx_tim.o(.text)
    TIM_SetIC4Prescaler                      0x080075d5   Thumb Code    26  stm32f4xx_tim.o(.text)
    TIM_SetIC3Prescaler                      0x0800763f   Thumb Code    18  stm32f4xx_tim.o(.text)
    TIM_SetIC2Prescaler                      0x08007699   Thumb Code    26  stm32f4xx_tim.o(.text)
    TIM_SetIC1Prescaler                      0x0800770d   Thumb Code    18  stm32f4xx_tim.o(.text)
    TIM_ICInit                               0x08007759   Thumb Code   110  stm32f4xx_tim.o(.text)
    TIM_ICStructInit                         0x080077c7   Thumb Code    18  stm32f4xx_tim.o(.text)
    TIM_PWMIConfig                           0x080077d9   Thumb Code   124  stm32f4xx_tim.o(.text)
    TIM_GetCapture1                          0x08007855   Thumb Code     6  stm32f4xx_tim.o(.text)
    TIM_GetCapture2                          0x0800785b   Thumb Code     6  stm32f4xx_tim.o(.text)
    TIM_GetCapture3                          0x08007861   Thumb Code     6  stm32f4xx_tim.o(.text)
    TIM_GetCapture4                          0x08007867   Thumb Code     6  stm32f4xx_tim.o(.text)
    TIM_BDTRConfig                           0x0800786d   Thumb Code    32  stm32f4xx_tim.o(.text)
    TIM_BDTRStructInit                       0x0800788d   Thumb Code    18  stm32f4xx_tim.o(.text)
    TIM_CtrlPWMOutputs                       0x0800789f   Thumb Code    30  stm32f4xx_tim.o(.text)
    TIM_SelectCOM                            0x080078bd   Thumb Code    24  stm32f4xx_tim.o(.text)
    TIM_CCPreloadControl                     0x080078d5   Thumb Code    24  stm32f4xx_tim.o(.text)
    TIM_ITConfig                             0x080078ed   Thumb Code    18  stm32f4xx_tim.o(.text)
    TIM_GenerateEvent                        0x080078ff   Thumb Code     4  stm32f4xx_tim.o(.text)
    TIM_GetFlagStatus                        0x08007903   Thumb Code    18  stm32f4xx_tim.o(.text)
    TIM_ClearFlag                            0x08007915   Thumb Code     6  stm32f4xx_tim.o(.text)
    TIM_GetITStatus                          0x0800791b   Thumb Code    34  stm32f4xx_tim.o(.text)
    TIM_ClearITPendingBit                    0x0800793d   Thumb Code     6  stm32f4xx_tim.o(.text)
    TIM_DMAConfig                            0x08007943   Thumb Code    10  stm32f4xx_tim.o(.text)
    TIM_DMACmd                               0x0800794d   Thumb Code    18  stm32f4xx_tim.o(.text)
    TIM_SelectCCDMA                          0x0800795f   Thumb Code    24  stm32f4xx_tim.o(.text)
    TIM_InternalClockConfig                  0x08007977   Thumb Code    12  stm32f4xx_tim.o(.text)
    TIM_SelectInputTrigger                   0x08007983   Thumb Code    18  stm32f4xx_tim.o(.text)
    TIM_ITRxExternalClockConfig              0x08007995   Thumb Code    24  stm32f4xx_tim.o(.text)
    TIM_TIxExternalClockConfig               0x080079ad   Thumb Code    62  stm32f4xx_tim.o(.text)
    TIM_ETRConfig                            0x080079eb   Thumb Code    28  stm32f4xx_tim.o(.text)
    TIM_ETRClockMode1Config                  0x08007a07   Thumb Code    54  stm32f4xx_tim.o(.text)
    TIM_ETRClockMode2Config                  0x08007a3d   Thumb Code    32  stm32f4xx_tim.o(.text)
    TIM_SelectOutputTrigger                  0x08007a5d   Thumb Code    18  stm32f4xx_tim.o(.text)
    TIM_SelectSlaveMode                      0x08007a6f   Thumb Code    18  stm32f4xx_tim.o(.text)
    TIM_SelectMasterSlaveMode                0x08007a81   Thumb Code    18  stm32f4xx_tim.o(.text)
    TIM_EncoderInterfaceConfig               0x08007a93   Thumb Code    66  stm32f4xx_tim.o(.text)
    TIM_SelectHallSensor                     0x08007ad5   Thumb Code    24  stm32f4xx_tim.o(.text)
    TIM_RemapConfig                          0x08007aed   Thumb Code     6  stm32f4xx_tim.o(.text)
    __aeabi_dadd                             0x08007af3   Thumb Code   322  dadd.o(.text)
    __aeabi_dsub                             0x08007c35   Thumb Code     6  dadd.o(.text)
    __aeabi_drsub                            0x08007c3b   Thumb Code     6  dadd.o(.text)
    __aeabi_dmul                             0x08007c41   Thumb Code   228  dmul.o(.text)
    __aeabi_ddiv                             0x08007d25   Thumb Code   222  ddiv.o(.text)
    __aeabi_ui2d                             0x08007e03   Thumb Code    26  dfltui.o(.text)
    __aeabi_d2iz                             0x08007e1d   Thumb Code    62  dfixi.o(.text)
    __aeabi_d2uiz                            0x08007e5b   Thumb Code    50  dfixui.o(.text)
    __aeabi_uldivmod                         0x08007e8d   Thumb Code    98  uldiv.o(.text)
    __aeabi_llsl                             0x08007eef   Thumb Code    30  llshl.o(.text)
    _ll_shift_l                              0x08007eef   Thumb Code     0  llshl.o(.text)
    __aeabi_llsr                             0x08007f0d   Thumb Code    32  llushr.o(.text)
    _ll_ushift_r                             0x08007f0d   Thumb Code     0  llushr.o(.text)
    __aeabi_lasr                             0x08007f2d   Thumb Code    36  llsshr.o(.text)
    _ll_sshift_r                             0x08007f2d   Thumb Code     0  llsshr.o(.text)
    __I$use$fp                               0x08007f51   Thumb Code     0  iusefp.o(.text)
    _double_round                            0x08007f51   Thumb Code    30  depilogue.o(.text)
    _double_epilogue                         0x08007f6f   Thumb Code   156  depilogue.o(.text)
    __aeabi_i2d                              0x0800800b   Thumb Code    34  dflti.o(.text)
    __aeabi_cdcmpeq                          0x0800802d   Thumb Code     0  cdcmple.o(.text)
    __aeabi_cdcmple                          0x0800802d   Thumb Code    48  cdcmple.o(.text)
    __scatterload                            0x0800805d   Thumb Code    28  init.o(.text)
    __scatterload_rt2                        0x0800805d   Thumb Code     0  init.o(.text)
    __0printf$5                              0x08008081   Thumb Code    22  printf5.o(i.__0printf$5)
    __1printf$5                              0x08008081   Thumb Code     0  printf5.o(i.__0printf$5)
    __2printf                                0x08008081   Thumb Code     0  printf5.o(i.__0printf$5)
    __hardfp_log                             0x080080a1   Thumb Code   872  log.o(i.__hardfp_log)
    __kernel_poly                            0x08008465   Thumb Code   248  poly.o(i.__kernel_poly)
    __mathlib_dbl_divzero                    0x08008561   Thumb Code    28  dunder.o(i.__mathlib_dbl_divzero)
    __mathlib_dbl_infnan                     0x08008591   Thumb Code    20  dunder.o(i.__mathlib_dbl_infnan)
    __mathlib_dbl_invalid                    0x080085a9   Thumb Code    24  dunder.o(i.__mathlib_dbl_invalid)
    __scatterload_copy                       0x080085c9   Thumb Code    14  handlers.o(i.__scatterload_copy)
    __scatterload_null                       0x080085d7   Thumb Code     2  handlers.o(i.__scatterload_null)
    __scatterload_zeroinit                   0x080085d9   Thumb Code    14  handlers.o(i.__scatterload_zeroinit)
    __set_errno                              0x080085e9   Thumb Code     6  errno.o(i.__set_errno)
    asc2_1206                                0x080088b4   Data        1140  lcd.o(.constdata)
    asc2_1608                                0x08008d28   Data        1520  lcd.o(.constdata)
    asc2_2412                                0x08009318   Data        3420  lcd.o(.constdata)
    FSMC_DefaultTimingStruct                 0x0800a074   Data          28  stm32f4xx_fsmc.o(.constdata)
    __mathlib_zero                           0x0800a0c8   Data           8  qnan.o(.constdata)
    Region$$Table$$Base                      0x0800a0d0   Number         0  anon$$obj.o(Region$$Table)
    Region$$Table$$Limit                     0x0800a0f0   Number         0  anon$$obj.o(Region$$Table)
    max660                                   0x20000000   Data           8  main.o(.data)
    min660                                   0x20000008   Data           8  main.o(.data)
    max940                                   0x20000010   Data           8  main.o(.data)
    min940                                   0x20000018   Data           8  main.o(.data)
    num660                                   0x20000020   Data           4  main.o(.data)
    num940                                   0x20000024   Data           4  main.o(.data)
    min                                      0x20000028   Data           4  main.o(.data)
    max                                      0x2000002c   Data           4  main.o(.data)
    frequency                                0x20000030   Data           4  main.o(.data)
    x1                                       0x20000034   Data           4  main.o(.data)
    x2                                       0x20000038   Data           4  main.o(.data)
    m                                        0x2000003c   Data           4  main.o(.data)
    k                                        0x20000040   Data           4  main.o(.data)
    R                                        0x20000048   Data           8  main.o(.data)
    SpO2                                     0x20000050   Data           4  main.o(.data)
    SystemCoreClock                          0x20000054   Data           4  system_stm32f4xx.o(.data)
    AHBPrescTable                            0x20000058   Data          16  system_stm32f4xx.o(.data)
    POINT_COLOR                              0x20000068   Data           2  lcd.o(.data)
    BACK_COLOR                               0x2000006a   Data           2  lcd.o(.data)
    TIM5CH1_CAPTURE_STA                      0x2000006c   Data           1  timer.o(.data)
    TIM5CH1_CAPTURE_VAL1                     0x20000070   Data           4  timer.o(.data)
    TIM5CH1_CAPTURE_VAL2                     0x20000074   Data           4  timer.o(.data)
    count                                    0x20000078   Data           4  timer.o(.data)
    count1                                   0x2000007c   Data           4  timer.o(.data)
    capture_number                           0x20000080   Data           4  timer.o(.data)
    capture                                  0x20000084   Data           4  timer.o(.data)
    capture_ave                              0x20000088   Data           4  timer.o(.data)
    capture_sum                              0x2000008c   Data           4  timer.o(.data)
    i                                        0x20000090   Data           4  timer.o(.data)
    __stdout                                 0x20000098   Data           4  usart.o(.data)
    USART_RX_STA                             0x2000009c   Data           2  usart.o(.data)
    red                                      0x200000b4   Data          40  main.o(.bss)
    ired                                     0x200000dc   Data          40  main.o(.bss)
    red_data                                 0x20000104   Data          36  main.o(.bss)
    ired_data                                0x20000128   Data          36  main.o(.bss)
    lcddev                                   0x2000014c   Data          14  lcd.o(.bss)
    TIM5_ICInitStructure                     0x2000015a   Data          10  timer.o(.bss)
    USART_RX_BUF                             0x20000164   Data         200  usart.o(.bss)
    __initial_sp                             0x20000630   Data           0  startup_stm32f40_41xxx.o(STACK)



==============================================================================

Memory Map of the image

  Image Entry point : 0x08000189

  Load Region LR_IROM1 (Base: 0x08000000, Size: 0x0000a1a4, Max: 0x00080000, ABSOLUTE)

    Execution Region ER_IROM1 (Base: 0x08000000, Size: 0x0000a0f0, Max: 0x00080000, ABSOLUTE)

    Base Addr    Size         Type   Attr      Idx    E Section Name        Object

    0x08000000   0x00000188   Data   RO          417    RESET               startup_stm32f40_41xxx.o
    0x08000188   0x00000000   Code   RO          581  * .ARM.Collect$$$$00000000  mc_w.l(entry.o)
    0x08000188   0x00000004   Code   RO          874    .ARM.Collect$$$$00000001  mc_w.l(entry2.o)
    0x0800018c   0x00000004   Code   RO          877    .ARM.Collect$$$$00000004  mc_w.l(entry5.o)
    0x08000190   0x00000000   Code   RO          879    .ARM.Collect$$$$00000008  mc_w.l(entry7b.o)
    0x08000190   0x00000000   Code   RO          881    .ARM.Collect$$$$0000000A  mc_w.l(entry8b.o)
    0x08000190   0x00000008   Code   RO          882    .ARM.Collect$$$$0000000B  mc_w.l(entry9a.o)
    0x08000198   0x00000000   Code   RO          884    .ARM.Collect$$$$0000000D  mc_w.l(entry10a.o)
    0x08000198   0x00000000   Code   RO          886    .ARM.Collect$$$$0000000F  mc_w.l(entry11a.o)
    0x08000198   0x00000004   Code   RO          875    .ARM.Collect$$$$00002712  mc_w.l(entry2.o)
    0x0800019c   0x00000474   Code   RO            3    .text               main.o
    0x08000610   0x0000001a   Code   RO          166    .text               stm32f4xx_it.o
    0x0800062a   0x00000002   PAD
    0x0800062c   0x00000210   Code   RO          215    .text               system_stm32f4xx.o
    0x0800083c   0x00000040   Code   RO          241    .text               led.o
    0x0800087c   0x00004c80   Code   RO          261    .text               lcd.o
    0x080054fc   0x0000013c   Code   RO          299    .text               pwm.o
    0x08005638   0x000001bc   Code   RO          322    .text               timer.o
    0x080057f4   0x00000104   Code   RO          346    .text               delay.o
    0x080058f8   0x00000148   Code   RO          386    .text               usart.o
    0x08005a40   0x00000024   Code   RO          418    .text               startup_stm32f40_41xxx.o
    0x08005a64   0x000000e0   Code   RO          424    .text               misc.o
    0x08005b44   0x00000294   Code   RO          444    .text               stm32f4xx_gpio.o
    0x08005dd8   0x000005c8   Code   RO          464    .text               stm32f4xx_fsmc.o
    0x080063a0   0x0000065c   Code   RO          487    .text               stm32f4xx_rcc.o
    0x080069fc   0x00000454   Code   RO          529    .text               stm32f4xx_usart.o
    0x08006e50   0x00000ca2   Code   RO          549    .text               stm32f4xx_tim.o
    0x08007af2   0x0000014e   Code   RO          845    .text               mf_w.l(dadd.o)
    0x08007c40   0x000000e4   Code   RO          847    .text               mf_w.l(dmul.o)
    0x08007d24   0x000000de   Code   RO          849    .text               mf_w.l(ddiv.o)
    0x08007e02   0x0000001a   Code   RO          851    .text               mf_w.l(dfltui.o)
    0x08007e1c   0x0000003e   Code   RO          853    .text               mf_w.l(dfixi.o)
    0x08007e5a   0x00000032   Code   RO          855    .text               mf_w.l(dfixui.o)
    0x08007e8c   0x00000062   Code   RO          890    .text               mc_w.l(uldiv.o)
    0x08007eee   0x0000001e   Code   RO          892    .text               mc_w.l(llshl.o)
    0x08007f0c   0x00000020   Code   RO          894    .text               mc_w.l(llushr.o)
    0x08007f2c   0x00000024   Code   RO          896    .text               mc_w.l(llsshr.o)
    0x08007f50   0x00000000   Code   RO          905    .text               mc_w.l(iusefp.o)
    0x08007f50   0x000000ba   Code   RO          906    .text               mf_w.l(depilogue.o)
    0x0800800a   0x00000022   Code   RO          910    .text               mf_w.l(dflti.o)
    0x0800802c   0x00000030   Code   RO          914    .text               mf_w.l(cdcmple.o)
    0x0800805c   0x00000024   Code   RO          918    .text               mc_w.l(init.o)
    0x08008080   0x00000020   Code   RO          717    i.__0printf$5       mc_w.l(printf5.o)
    0x080080a0   0x000003c4   Code   RO          567    i.__hardfp_log      m_wm.l(log.o)
    0x08008464   0x000000f8   Code   RO          871    i.__kernel_poly     m_wm.l(poly.o)
    0x0800855c   0x00000004   PAD
    0x08008560   0x00000030   Code   RO          857    i.__mathlib_dbl_divzero  m_wm.l(dunder.o)
    0x08008590   0x00000014   Code   RO          858    i.__mathlib_dbl_infnan  m_wm.l(dunder.o)
    0x080085a4   0x00000004   PAD
    0x080085a8   0x00000020   Code   RO          860    i.__mathlib_dbl_invalid  m_wm.l(dunder.o)
    0x080085c8   0x0000000e   Code   RO          922    i.__scatterload_copy  mc_w.l(handlers.o)
    0x080085d6   0x00000002   Code   RO          923    i.__scatterload_null  mc_w.l(handlers.o)
    0x080085d8   0x0000000e   Code   RO          924    i.__scatterload_zeroinit  mc_w.l(handlers.o)
    0x080085e6   0x00000002   PAD
    0x080085e8   0x0000000c   Code   RO          900    i.__set_errno       mc_w.l(errno.o)
    0x080085f4   0x000002c0   Code   RO          724    i._printf_core      mc_w.l(printf5.o)
    0x080088b4   0x000017c0   Data   RO          263    .constdata          lcd.o
    0x0800a074   0x0000001c   Data   RO          465    .constdata          stm32f4xx_fsmc.o
    0x0800a090   0x00000038   Data   RO          570    .constdata          m_wm.l(log.o)
    0x0800a0c8   0x00000008   Data   RO          873    .constdata          m_wm.l(qnan.o)
    0x0800a0d0   0x00000020   Data   RO          920    Region$$Table       anon$$obj.o


    Execution Region RW_IRAM1 (Base: 0x20000000, Size: 0x00000630, Max: 0x00020000, ABSOLUTE)

    Base Addr    Size         Type   Attr      Idx    E Section Name        Object

    0x20000000   0x00000054   Data   RW            5    .data               main.o
    0x20000054   0x00000014   Data   RW          216    .data               system_stm32f4xx.o
    0x20000068   0x00000004   Data   RW          264    .data               lcd.o
    0x2000006c   0x00000028   Data   RW          324    .data               timer.o
    0x20000094   0x00000004   Data   RW          347    .data               delay.o
    0x20000098   0x00000006   Data   RW          388    .data               usart.o
    0x2000009e   0x00000010   Data   RW          488    .data               stm32f4xx_rcc.o
    0x200000ae   0x00000002   PAD
    0x200000b0   0x00000004   Data   RW          901    .data               mc_w.l(errno.o)
    0x200000b4   0x00000098   Zero   RW            4    .bss                main.o
    0x2000014c   0x0000000e   Zero   RW          262    .bss                lcd.o
    0x2000015a   0x0000000a   Zero   RW          323    .bss                timer.o
    0x20000164   0x000000c8   Zero   RW          387    .bss                usart.o
    0x2000022c   0x00000004   PAD
    0x20000230   0x00000400   Zero   RW          415    STACK               startup_stm32f40_41xxx.o


==============================================================================

Image component sizes


      Code (inc. data)   RO Data    RW Data    ZI Data      Debug   Object Name

       260          8          0          4          0       1429   delay.o
     19584        174       6080          4         14      22718   lcd.o
        64          4          0          0          0        499   led.o
      1140        128          0         84        152     292329   main.o
       224         20          0          0          0       1765   misc.o
       316         12          0          0          0       1168   pwm.o
        36          8        392          0       1024        804   startup_stm32f40_41xxx.o
      1480         18         28          0          0       5570   stm32f4xx_fsmc.o
       660         44          0          0          0       4105   stm32f4xx_gpio.o
        26          0          0          0          0     230270   stm32f4xx_it.o
      1628         52          0         16          0      12956   stm32f4xx_rcc.o
      3234         60          0          0          0      22964   stm32f4xx_tim.o
      1108         34          0          0          0       7832   stm32f4xx_usart.o
       528         46          0         20          0       1699   system_stm32f4xx.o
       444         38          0         40         10       1935   timer.o
       328         16          0          6        200       3222   usart.o

    ----------------------------------------------------------------------
     31062        662       6532        176       1404     611265   Object Totals
         0          0         32          0          0          0   (incl. Generated)
         2          0          0          2          4          0   (incl. Padding)

    ----------------------------------------------------------------------

      Code (inc. data)   RO Data    RW Data    ZI Data      Debug   Library Member Name

       100         28          0          0          0        372   dunder.o
       964         92         56          0          0        316   log.o
       248          0          0          0          0        152   poly.o
         0          0          8          0          0          0   qnan.o
         0          0          0          0          0          0   entry.o
         0          0          0          0          0          0   entry10a.o
         0          0          0          0          0          0   entry11a.o
         8          4          0          0          0          0   entry2.o
         4          0          0          0          0          0   entry5.o
         0          0          0          0          0          0   entry7b.o
         0          0          0          0          0          0   entry8b.o
         8          4          0          0          0          0   entry9a.o
        12          6          0          4          0         68   errno.o
        30          0          0          0          0          0   handlers.o
        36          8          0          0          0         68   init.o
         0          0          0          0          0          0   iusefp.o
        30          0          0          0          0         68   llshl.o
        36          0          0          0          0         68   llsshr.o
        32          0          0          0          0         68   llushr.o
       736         56          0          0          0        184   printf5.o
        98          0          0          0          0         92   uldiv.o
        48          0          0          0          0         68   cdcmple.o
       334          0          0          0          0        148   dadd.o
       222          0          0          0          0        100   ddiv.o
       186          0          0          0          0        176   depilogue.o
        62          0          0          0          0         80   dfixi.o
        50          0          0          0          0         76   dfixui.o
        34          0          0          0          0         76   dflti.o
        26          0          0          0          0         76   dfltui.o
       228          0          0          0          0         96   dmul.o

    ----------------------------------------------------------------------
      3542        198         64          4          0       2352   Library Totals
        10          0          0          0          0          0   (incl. Padding)

    ----------------------------------------------------------------------

      Code (inc. data)   RO Data    RW Data    ZI Data      Debug   Library Name

      1312        120         64          0          0        840   m_wm.l
      1030         78          0          4          0        616   mc_w.l
      1190          0          0          0          0        896   mf_w.l

    ----------------------------------------------------------------------
      3542        198         64          4          0       2352   Library Totals

    ----------------------------------------------------------------------

==============================================================================


      Code (inc. data)   RO Data    RW Data    ZI Data      Debug   

     34604        860       6596        180       1404     609393   Grand Totals
     34604        860       6596        180       1404     609393   ELF Image Totals
     34604        860       6596        180          0          0   ROM Totals

==============================================================================

    Total RO  Size (Code + RO Data)                41200 (  40.23kB)
    Total RW  Size (RW Data + ZI Data)              1584 (   1.55kB)
    Total ROM Size (Code + RO Data + RW Data)      41380 (  40.41kB)

==============================================================================

